Component: ARM Compiler 5.06 update 6 (build 750) Tool: armlink [4d35ed]

==============================================================================

Section Cross References

    startup_stm32f103xb.o(RESET) refers to startup_stm32f103xb.o(STACK) for __initial_sp
    startup_stm32f103xb.o(RESET) refers to startup_stm32f103xb.o(.text) for Reset_Handler
    startup_stm32f103xb.o(RESET) refers to stm32f1xx_it.o(i.NMI_Handler) for NMI_Handler
    startup_stm32f103xb.o(RESET) refers to stm32f1xx_it.o(i.HardFault_Handler) for HardFault_Handler
    startup_stm32f103xb.o(RESET) refers to stm32f1xx_it.o(i.MemManage_Handler) for MemManage_Handler
    startup_stm32f103xb.o(RESET) refers to stm32f1xx_it.o(i.BusFault_Handler) for BusFault_Handler
    startup_stm32f103xb.o(RESET) refers to stm32f1xx_it.o(i.UsageFault_Handler) for UsageFault_Handler
    startup_stm32f103xb.o(RESET) refers to stm32f1xx_it.o(i.SVC_Handler) for SVC_Handler
    startup_stm32f103xb.o(RESET) refers to stm32f1xx_it.o(i.DebugMon_Handler) for DebugMon_Handler
    startup_stm32f103xb.o(RESET) refers to stm32f1xx_it.o(i.PendSV_Handler) for PendSV_Handler
    startup_stm32f103xb.o(RESET) refers to stm32f1xx_it.o(i.SysTick_Handler) for SysTick_Handler
    startup_stm32f103xb.o(RESET) refers to stm32f1xx_it.o(i.TIM2_IRQHandler) for TIM2_IRQHandler
    startup_stm32f103xb.o(RESET) refers to stm32f1xx_it.o(i.SPI1_IRQHandler) for SPI1_IRQHandler
    startup_stm32f103xb.o(RESET) refers to stm32f1xx_it.o(i.USART1_IRQHandler) for USART1_IRQHandler
    startup_stm32f103xb.o(.text) refers to system_stm32f1xx.o(i.SystemInit) for SystemInit
    startup_stm32f103xb.o(.text) refers to entry.o(.ARM.Collect$$$$00000000) for __main
    ili9341_stm32_driver.o(i.ILI9341_Draw_Colour) refers to stm32f1xx_hal_gpio.o(i.HAL_GPIO_WritePin) for HAL_GPIO_WritePin
    ili9341_stm32_driver.o(i.ILI9341_Draw_Colour) refers to stm32f1xx_hal_spi.o(i.HAL_SPI_Transmit) for HAL_SPI_Transmit
    ili9341_stm32_driver.o(i.ILI9341_Draw_Colour) refers to main.o(.bss) for hspi1
    ili9341_stm32_driver.o(i.ILI9341_Draw_Colour_Burst) refers to stm32f1xx_hal_gpio.o(i.HAL_GPIO_WritePin) for HAL_GPIO_WritePin
    ili9341_stm32_driver.o(i.ILI9341_Draw_Colour_Burst) refers to malloc.o(i.malloc) for malloc
    ili9341_stm32_driver.o(i.ILI9341_Draw_Colour_Burst) refers to stm32f1xx_hal_spi.o(i.HAL_SPI_Transmit) for HAL_SPI_Transmit
    ili9341_stm32_driver.o(i.ILI9341_Draw_Colour_Burst) refers to malloc.o(i.free) for free
    ili9341_stm32_driver.o(i.ILI9341_Draw_Colour_Burst) refers to main.o(.bss) for hspi1
    ili9341_stm32_driver.o(i.ILI9341_Draw_Horizontal_Line) refers to ili9341_stm32_driver.o(i.ILI9341_Set_Address) for ILI9341_Set_Address
    ili9341_stm32_driver.o(i.ILI9341_Draw_Horizontal_Line) refers to ili9341_stm32_driver.o(i.ILI9341_Draw_Colour_Burst) for ILI9341_Draw_Colour_Burst
    ili9341_stm32_driver.o(i.ILI9341_Draw_Horizontal_Line) refers to ili9341_stm32_driver.o(.data) for LCD_WIDTH
    ili9341_stm32_driver.o(i.ILI9341_Draw_Pixel) refers to stm32f1xx_hal_gpio.o(i.HAL_GPIO_WritePin) for HAL_GPIO_WritePin
    ili9341_stm32_driver.o(i.ILI9341_Draw_Pixel) refers to ili9341_stm32_driver.o(i.ILI9341_SPI_Send) for ILI9341_SPI_Send
    ili9341_stm32_driver.o(i.ILI9341_Draw_Pixel) refers to stm32f1xx_hal_spi.o(i.HAL_SPI_Transmit) for HAL_SPI_Transmit
    ili9341_stm32_driver.o(i.ILI9341_Draw_Pixel) refers to ili9341_stm32_driver.o(.data) for LCD_WIDTH
    ili9341_stm32_driver.o(i.ILI9341_Draw_Pixel) refers to main.o(.bss) for hspi1
    ili9341_stm32_driver.o(i.ILI9341_Draw_Rectangle) refers to ili9341_stm32_driver.o(i.ILI9341_Set_Address) for ILI9341_Set_Address
    ili9341_stm32_driver.o(i.ILI9341_Draw_Rectangle) refers to ili9341_stm32_driver.o(i.ILI9341_Draw_Colour_Burst) for ILI9341_Draw_Colour_Burst
    ili9341_stm32_driver.o(i.ILI9341_Draw_Rectangle) refers to ili9341_stm32_driver.o(.data) for LCD_WIDTH
    ili9341_stm32_driver.o(i.ILI9341_Draw_Vertical_Line) refers to ili9341_stm32_driver.o(i.ILI9341_Set_Address) for ILI9341_Set_Address
    ili9341_stm32_driver.o(i.ILI9341_Draw_Vertical_Line) refers to ili9341_stm32_driver.o(i.ILI9341_Draw_Colour_Burst) for ILI9341_Draw_Colour_Burst
    ili9341_stm32_driver.o(i.ILI9341_Draw_Vertical_Line) refers to ili9341_stm32_driver.o(.data) for LCD_WIDTH
    ili9341_stm32_driver.o(i.ILI9341_Enable) refers to stm32f1xx_hal_gpio.o(i.HAL_GPIO_WritePin) for HAL_GPIO_WritePin
    ili9341_stm32_driver.o(i.ILI9341_Fill_Screen) refers to ili9341_stm32_driver.o(i.ILI9341_Set_Address) for ILI9341_Set_Address
    ili9341_stm32_driver.o(i.ILI9341_Fill_Screen) refers to ili9341_stm32_driver.o(i.ILI9341_Draw_Colour_Burst) for ILI9341_Draw_Colour_Burst
    ili9341_stm32_driver.o(i.ILI9341_Fill_Screen) refers to ili9341_stm32_driver.o(.data) for LCD_HEIGHT
    ili9341_stm32_driver.o(i.ILI9341_Init) refers to ili9341_stm32_driver.o(i.ILI9341_Enable) for ILI9341_Enable
[...]
    i.HAL_NVIC_SetPriority                   0x080014da   Section        0  stm32f1xx_hal_cortex.o(i.HAL_NVIC_SetPriority)
    i.HAL_NVIC_SetPriorityGrouping           0x08001558   Section        0  stm32f1xx_hal_cortex.o(i.HAL_NVIC_SetPriorityGrouping)
    i.HAL_RCC_ClockConfig                    0x08001580   Section        0  stm32f1xx_hal_rcc.o(i.HAL_RCC_ClockConfig)
    i.HAL_RCC_GetHCLKFreq                    0x08001724   Section        0  stm32f1xx_hal_rcc.o(i.HAL_RCC_GetHCLKFreq)
    i.HAL_RCC_GetPCLK1Freq                   0x08001730   Section        0  stm32f1xx_hal_rcc.o(i.HAL_RCC_GetPCLK1Freq)
    i.HAL_RCC_GetPCLK2Freq                   0x08001750   Section        0  stm32f1xx_hal_rcc.o(i.HAL_RCC_GetPCLK2Freq)
    i.HAL_RCC_GetSysClockFreq                0x08001770   Section        0  stm32f1xx_hal_rcc.o(i.HAL_RCC_GetSysClockFreq)
    i.HAL_RCC_OscConfig                      0x08001804   Section        0  stm32f1xx_hal_rcc.o(i.HAL_RCC_OscConfig)
    i.HAL_SPI_ErrorCallback                  0x08001c44   Section        0  stm32f1xx_hal_spi.o(i.HAL_SPI_ErrorCallback)
    i.HAL_SPI_IRQHandler                     0x08001c48   Section        0  stm32f1xx_hal_spi.o(i.HAL_SPI_IRQHandler)
    i.HAL_SPI_Init                           0x08001d60   Section        0  stm32f1xx_hal_spi_ex.o(i.HAL_SPI_Init)
    i.HAL_SPI_MspInit                        0x08001de8   Section        0  stm32f1xx_hal_msp.o(i.HAL_SPI_MspInit)
    i.HAL_SPI_Receive                        0x08001eb0   Section        0  stm32f1xx_hal_spi.o(i.HAL_SPI_Receive)
    i.HAL_SPI_Transmit                       0x0800201c   Section        0  stm32f1xx_hal_spi.o(i.HAL_SPI_Transmit)
    i.HAL_SPI_TransmitReceive                0x080021c2   Section        0  stm32f1xx_hal_spi.o(i.HAL_SPI_TransmitReceive)
    i.HAL_SYSTICK_CLKSourceConfig            0x080023e0   Section        0  stm32f1xx_hal_cortex.o(i.HAL_SYSTICK_CLKSourceConfig)
    i.HAL_SYSTICK_Callback                   0x08002408   Section        0  stm32f1xx_hal_cortex.o(i.HAL_SYSTICK_Callback)
    i.HAL_SYSTICK_Config                     0x0800240a   Section        0  stm32f1xx_hal_cortex.o(i.HAL_SYSTICK_Config)
    i.HAL_SYSTICK_IRQHandler                 0x0800243e   Section        0  stm32f1xx_hal_cortex.o(i.HAL_SYSTICK_IRQHandler)
    i.HAL_TIMEx_BreakCallback                0x08002446   Section        0  stm32f1xx_hal_tim_ex.o(i.HAL_TIMEx_BreakCallback)
    i.HAL_TIMEx_CommutationCallback          0x08002448   Section        0  stm32f1xx_hal_tim_ex.o(i.HAL_TIMEx_CommutationCallback)
    i.HAL_TIMEx_MasterConfigSynchronization  0x0800244a   Section        0  stm32f1xx_hal_tim_ex.o(i.HAL_TIMEx_MasterConfigSynchronization)
    i.HAL_TIM_Base_Init                      0x080024ac   Section        0  stm32f1xx_hal_tim.o(i.HAL_TIM_Base_Init)
    i.HAL_TIM_Base_MspInit                   0x080024e0   Section        0  stm32f1xx_hal_msp.o(i.HAL_TIM_Base_MspInit)
    i.HAL_TIM_Base_Start_IT                  0x08002520   Section        0  stm32f1xx_hal_tim.o(i.HAL_TIM_Base_Start_IT)
    i.HAL_TIM_ConfigClockSource              0x0800253e   Section        0  stm32f1xx_hal_tim.o(i.HAL_TIM_ConfigClockSource)
    i.HAL_TIM_IC_CaptureCallback             0x08002670   Section        0  stm32f1xx_hal_tim.o(i.HAL_TIM_IC_CaptureCallback)
    i.HAL_TIM_IRQHandler                     0x08002672   Section        0  stm32f1xx_hal_tim.o(i.HAL_TIM_IRQHandler)
    i.HAL_TIM_OC_DelayElapsedCallback        0x08002808   Section        0  stm32f1xx_hal_tim.o(i.HAL_TIM_OC_DelayElapsedCallback)
    i.HAL_TIM_PWM_PulseFinishedCallback      0x0800280a   Section        0  stm32f1xx_hal_tim.o(i.HAL_TIM_PWM_PulseFinishedCallback)
    i.HAL_TIM_PeriodElapsedCallback          0x0800280c   Section        0  stm32f1xx_hal_tim.o(i.HAL_TIM_PeriodElapsedCallback)
    i.HAL_TIM_TriggerCallback                0x0800280e   Section        0  stm32f1xx_hal_tim.o(i.HAL_TIM_TriggerCallback)
    i.HAL_UART_ErrorCallback                 0x08002810   Section        0  stm32f1xx_hal_uart.o(i.HAL_UART_ErrorCallback)
    i.HAL_UART_IRQHandler                    0x08002814   Section        0  stm32f1xx_hal_uart.o(i.HAL_UART_IRQHandler)
    i.HAL_UART_Init                          0x08002960   Section        0  stm32f1xx_hal_uart.o(i.HAL_UART_Init)
    i.HAL_UART_MspInit                       0x080029d4   Section        0  stm32f1xx_hal_msp.o(i.HAL_UART_MspInit)
    i.HAL_UART_RxCpltCallback                0x08002a48   Section        0  stm32f1xx_hal_uart.o(i.HAL_UART_RxCpltCallback)
    i.HAL_UART_Transmit                      0x08002a4a   Section        0  stm32f1xx_hal_uart.o(i.HAL_UART_Transmit)
    i.HAL_UART_TxCpltCallback                0x08002b20   Section        0  stm32f1xx_hal_uart.o(i.HAL_UART_TxCpltCallback)
    i.HardFault_Handler                      0x08002b22   Section        0  stm32f1xx_it.o(i.HardFault_Handler)
    i.I2C_IsAcknowledgeFailed                0x08002b26   Section        0  stm32f1xx_hal_i2c.o(i.I2C_IsAcknowledgeFailed)
    I2C_IsAcknowledgeFailed                  0x08002b27   Thumb Code    52  stm32f1xx_hal_i2c.o(i.I2C_IsAcknowledgeFailed)
    i.I2C_RequestMemoryRead                  0x08002b5c   Section        0  stm32f1xx_hal_i2c.o(i.I2C_RequestMemoryRead)
    I2C_RequestMemoryRead                    0x08002b5d   Thumb Code   340  stm32f1xx_hal_i2c.o(i.I2C_RequestMemoryRead)
    i.I2C_RequestMemoryWrite                 0x08002cb4   Section        0  stm32f1xx_hal_i2c.o(i.I2C_RequestMemoryWrite)
    I2C_RequestMemoryWrite                   0x08002cb5   Thumb Code   218  stm32f1xx_hal_i2c.o(i.I2C_RequestMemoryWrite)
    i.I2C_WaitOnBTFFlagUntilTimeout          0x08002d94   Section        0  stm32f1xx_hal_i2c.o(i.I2C_WaitOnBTFFlagUntilTimeout)
    I2C_WaitOnBTFFlagUntilTimeout            0x08002d95   Thumb Code    86  stm32f1xx_hal_i2c.o(i.I2C_WaitOnBTFFlagUntilTimeout)
    i.I2C_WaitOnFlagUntilTimeout             0x08002dea   Section        0  stm32f1xx_hal_i2c.o(i.I2C_WaitOnFlagUntilTimeout)
    I2C_WaitOnFlagUntilTimeout               0x08002deb   Thumb Code   124  stm32f1xx_hal_i2c.o(i.I2C_WaitOnFlagUntilTimeout)
    i.I2C_WaitOnMasterAddressFlagUntilTimeout 0x08002e66   Section        0  stm32f1xx_hal_i2c.o(i.I2C_WaitOnMasterAddressFlagUntilTimeout)
    I2C_WaitOnMasterAddressFlagUntilTimeout  0x08002e67   Thumb Code   172  stm32f1xx_hal_i2c.o(i.I2C_WaitOnMasterAddressFlagUntilTimeout)
    i.I2C_WaitOnRXNEFlagUntilTimeout         0x08002f12   Section        0  stm32f1xx_hal_i2c.o(i.I2C_WaitOnRXNEFlagUntilTimeout)
    I2C_WaitOnRXNEFlagUntilTimeout           0x08002f13   Thumb Code   110  stm32f1xx_hal_i2c.o(i.I2C_WaitOnRXNEFlagUntilTimeout)
    i.I2C_WaitOnTXEFlagUntilTimeout          0x08002f80   Section        0  stm32f1xx_hal_i2c.o(i.I2C_WaitOnTXEFlagUntilTimeout)
    I2C_WaitOnTXEFlagUntilTimeout            0x08002f81   Thumb Code    86  stm32f1xx_hal_i2c.o(i.I2C_WaitOnTXEFlagUntilTimeout)
    i.ILI9341_Draw_Char                      0x08002fd8   Section        0  ili9341_gfx.o(i.ILI9341_Draw_Char)
    i.ILI9341_Draw_Colour_Burst              0x08003088   Section        0  ili9341_stm32_driver.o(i.ILI9341_Draw_Colour_Burst)
    i.ILI9341_Draw_Filled_Rectangle_Coord    0x0800313c   Section        0  ili9341_gfx.o(i.ILI9341_Draw_Filled_Rectangle_Coord)
    i.ILI9341_Draw_Pixel                     0x080031c4   Section        0  ili9341_stm32_driver.o(i.ILI9341_Draw_Pixel)
    i.ILI9341_Draw_Rectangle                 0x08003338   Section        0  ili9341_stm32_driver.o(i.ILI9341_Draw_Rectangle)
    i.ILI9341_Draw_Text                      0x080033b0   Section        0  ili9341_gfx.o(i.ILI9341_Draw_Text)
    i.ILI9341_Enable                         0x080033e8   Section        0  ili9341_stm32_driver.o(i.ILI9341_Enable)
    i.ILI9341_Fill_Screen                    0x080033fc   Section        0  ili9341_stm32_driver.o(i.ILI9341_Fill_Screen)
    i.ILI9341_Init                           0x0800342c   Section        0  ili9341_stm32_driver.o(i.ILI9341_Init)
    i.ILI9341_Reset                          0x08003644   Section        0  ili9341_stm32_driver.o(i.ILI9341_Reset)
    i.ILI9341_SPI_Init                       0x08003680   Section        0  ili9341_stm32_driver.o(i.ILI9341_SPI_Init)
    i.ILI9341_SPI_Send                       0x08003694   Section        0  ili9341_stm32_driver.o(i.ILI9341_SPI_Send)
    i.ILI9341_Set_Address                    0x080036a8   Section        0  ili9341_stm32_driver.o(i.ILI9341_Set_Address)
    i.ILI9341_Set_Rotation                   0x080036fc   Section        0  ili9341_stm32_driver.o(i.ILI9341_Set_Rotation)
    i.ILI9341_Write_Command                  0x08003784   Section        0  ili9341_stm32_driver.o(i.ILI9341_Write_Command)
    i.ILI9341_Write_Data                     0x080037bc   Section        0  ili9341_stm32_driver.o(i.ILI9341_Write_Data)
    i.MX_GPIO_Init                           0x080037f0   Section        0  main.o(i.MX_GPIO_Init)
    MX_GPIO_Init                             0x080037f1   Thumb Code   306  main.o(i.MX_GPIO_Init)
    i.MX_I2C1_Init                           0x08003934   Section        0  main.o(i.MX_I2C1_Init)
    MX_I2C1_Init                             0x08003935   Thumb Code    54  main.o(i.MX_I2C1_Init)
    i.MX_SPI1_Init                           0x08003988   Section        0  main.o(i.MX_SPI1_Init)
    MX_SPI1_Init                             0x08003989   Thumb Code    66  main.o(i.MX_SPI1_Init)
    i.MX_SPI2_Init                           0x080039e4   Section        0  main.o(i.MX_SPI2_Init)
    MX_SPI2_Init                             0x080039e5   Thumb Code    66  main.o(i.MX_SPI2_Init)
    i.MX_TIM2_Init                           0x08003a40   Section        0  main.o(i.MX_TIM2_Init)
    MX_TIM2_Init                             0x08003a41   Thumb Code   106  main.o(i.MX_TIM2_Init)
    i.MX_USART1_UART_Init                    0x08003ac0   Section        0  main.o(i.MX_USART1_UART_Init)
    MX_USART1_UART_Init                      0x08003ac1   Thumb Code    52  main.o(i.MX_USART1_UART_Init)
    i.MemManage_Handler                      0x08003b0c   Section        0  stm32f1xx_it.o(i.MemManage_Handler)
    i.NMI_Handler                            0x08003b10   Section        0  stm32f1xx_it.o(i.NMI_Handler)
    i.NRF24L01_RX_Mode                       0x08003b14   Section        0  nrf24.o(i.NRF24L01_RX_Mode)
    i.NRF24L01_Receive                       0x08003b4c   Section        0  nrf24.o(i.NRF24L01_Receive)
    i.NRF24_FlushRX                          0x08003cb4   Section        0  nrf24.o(i.NRF24_FlushRX)
    i.NRF24_FlushTX                          0x08003cf4   Section        0  nrf24.o(i.NRF24_FlushTX)
    i.NRF24_ReadReg                          0x08003d34   Section        0  nrf24.o(i.NRF24_ReadReg)
    i.NRF24_Read_Buf                         0x08003d90   Section        0  nrf24.o(i.NRF24_Read_Buf)
    i.NRF24_ToggleFeatures                   0x08003dd0   Section        0  nrf24.o(i.NRF24_ToggleFeatures)
    i.NRF24_WriteReg                         0x08003e20   Section        0  nrf24.o(i.NRF24_WriteReg)
    i.NRF24_Write_Buf                        0x08003e68   Section        0  nrf24.o(i.NRF24_Write_Buf)
    i.NRF24_ini                              0x08003eb8   Section        0  nrf24.o(i.NRF24_ini)
    i.NRF24_receive_data_from_oudor          0x08003f64   Section        0  main.o(i.NRF24_receive_data_from_oudor)
    i.NVIC_GetPriorityGrouping               0x08003f6c   Section        0  stm32f1xx_hal_cortex.o(i.NVIC_GetPriorityGrouping)
    NVIC_GetPriorityGrouping                 0x08003f6d   Thumb Code    10  stm32f1xx_hal_cortex.o(i.NVIC_GetPriorityGrouping)
    i.NVIC_SetPriority                       0x08003f7c   Section        0  stm32f1xx_hal_cortex.o(i.NVIC_SetPriority)
    NVIC_SetPriority                         0x08003f7d   Thumb Code    32  stm32f1xx_hal_cortex.o(i.NVIC_SetPriority)
    i.PendSV_Handler                         0x08003fa4   Section        0  stm32f1xx_it.o(i.PendSV_Handler)
    i.RCC_Delay                              0x08003fa8   Section        0  stm32f1xx_hal_rcc.o(i.RCC_Delay)
    RCC_Delay                                0x08003fa9   Thumb Code    36  stm32f1xx_hal_rcc.o(i.RCC_Delay)
    i.RTC_ConvertFromBinDec                  0x08003fd0   Section        0  clock_ds3231.o(i.RTC_ConvertFromBinDec)
    i.RTC_ConvertFromDec                     0x08003fea   Section        0  clock_ds3231.o(i.RTC_ConvertFromDec)
    i.SPI1_IRQHandler                        0x08004000   Section        0  stm32f1xx_it.o(i.SPI1_IRQHandler)
    i.SPI_CheckFlag_BSY                      0x08004010   Section        0  stm32f1xx_hal_spi.o(i.SPI_CheckFlag_BSY)
    SPI_CheckFlag_BSY                        0x08004011   Thumb Code    40  stm32f1xx_hal_spi.o(i.SPI_CheckFlag_BSY)
    i.SPI_DMAAbortOnError                    0x08004038   Section        0  stm32f1xx_hal_spi.o(i.SPI_DMAAbortOnError)
    SPI_DMAAbortOnError                      0x08004039   Thumb Code    20  stm32f1xx_hal_spi.o(i.SPI_DMAAbortOnError)
    i.SPI_WaitFlagStateUntilTimeout          0x0800404c   Section        0  stm32f1xx_hal_spi.o(i.SPI_WaitFlagStateUntilTimeout)
    SPI_WaitFlagStateUntilTimeout            0x0800404d   Thumb Code   170  stm32f1xx_hal_spi.o(i.SPI_WaitFlagStateUntilTimeout)
    i.SVC_Handler                            0x080040f6   Section        0  stm32f1xx_it.o(i.SVC_Handler)
    i.SysTick_Handler                        0x080040f8   Section        0  stm32f1xx_it.o(i.SysTick_Handler)
    i.SystemClock_Config                     0x08004104   Section        0  main.o(i.SystemClock_Config)
    i.SystemInit                             0x08004198   Section        0  system_stm32f1xx.o(i.SystemInit)
    i.TIM2_IRQHandler                        0x080041f0   Section        0  stm32f1xx_it.o(i.TIM2_IRQHandler)
    i.TIM_Base_SetConfig                     0x0800424c   Section        0  stm32f1xx_hal_tim.o(i.TIM_Base_SetConfig)
    i.TIM_ETR_SetConfig                      0x080042c0   Section        0  stm32f1xx_hal_tim.o(i.TIM_ETR_SetConfig)
    TIM_ETR_SetConfig                        0x080042c1   Thumb Code    24  stm32f1xx_hal_tim.o(i.TIM_ETR_SetConfig)
    i.TIM_ITRx_SetConfig                     0x080042d8   Section        0  stm32f1xx_hal_tim.o(i.TIM_ITRx_SetConfig)
    TIM_ITRx_SetConfig                       0x080042d9   Thumb Code    20  stm32f1xx_hal_tim.o(i.TIM_ITRx_SetConfig)
    i.TIM_TI1_ConfigInputStage               0x080042ec   Section        0  stm32f1xx_hal_tim.o(i.TIM_TI1_ConfigInputStage)
    TIM_TI1_ConfigInputStage                 0x080042ed   Thumb Code    42  stm32f1xx_hal_tim.o(i.TIM_TI1_ConfigInputStage)
    i.TIM_TI2_ConfigInputStage               0x08004316   Section        0  stm32f1xx_hal_tim.o(i.TIM_TI2_ConfigInputStage)
    TIM_TI2_ConfigInputStage                 0x08004317   Thumb Code    44  stm32f1xx_hal_tim.o(i.TIM_TI2_ConfigInputStage)
    i.UART_DMAAbortOnError                   0x08004342   Section        0  stm32f1xx_hal_uart.o(i.UART_DMAAbortOnError)
    UART_DMAAbortOnError                     0x08004343   Thumb Code    20  stm32f1xx_hal_uart.o(i.UART_DMAAbortOnError)
    i.UART_EndRxTransfer                     0x08004356   Section        0  stm32f1xx_hal_uart.o(i.UART_EndRxTransfer)
    UART_EndRxTransfer                       0x08004357   Thumb Code    32  stm32f1xx_hal_uart.o(i.UART_EndRxTransfer)
    i.UART_EndTransmit_IT                    0x08004376   Section        0  stm32f1xx_hal_uart.o(i.UART_EndTransmit_IT)
    UART_EndTransmit_IT                      0x08004377   Thumb Code    32  stm32f1xx_hal_uart.o(i.UART_EndTransmit_IT)
    i.UART_Receive_IT                        0x08004396   Section        0  stm32f1xx_hal_uart.o(i.UART_Receive_IT)
    UART_Receive_IT                          0x08004397   Thumb Code   166  stm32f1xx_hal_uart.o(i.UART_Receive_IT)
    i.UART_SetConfig                         0x0800443c   Section        0  stm32f1xx_hal_uart.o(i.UART_SetConfig)
    UART_SetConfig                           0x0800443d   Thumb Code   450  stm32f1xx_hal_uart.o(i.UART_SetConfig)
    i.UART_Transmit_IT                       0x08004604   Section        0  stm32f1xx_hal_uart.o(i.UART_Transmit_IT)
    UART_Transmit_IT                         0x08004605   Thumb Code   104  stm32f1xx_hal_uart.o(i.UART_Transmit_IT)
    i.UART_WaitOnFlagUntilTimeout            0x0800466c   Section        0  stm32f1xx_hal_uart.o(i.UART_WaitOnFlagUntilTimeout)
    UART_WaitOnFlagUntilTimeout              0x0800466d   Thumb Code   108  stm32f1xx_hal_uart.o(i.UART_WaitOnFlagUntilTimeout)
    i.USART1_IRQHandler                      0x080046d8   Section        0  stm32f1xx_it.o(i.USART1_IRQHandler)
    i.UsageFault_Handler                     0x080046e8   Section        0  stm32f1xx_it.o(i.UsageFault_Handler)
    i.WRITE_DATA                             0x080046ec   Section        0  clock_ds3231.o(i.WRITE_DATA)
    i._Error_Handler                         0x08004764   Section        0  main.o(i._Error_Handler)
    i.__0sprintf                             0x08004768   Section        0  printfa.o(i.__0sprintf)
    i.__scatterload_copy                     0x08004790   Section       14  handlers.o(i.__scatterload_copy)
    i.__scatterload_null                     0x0800479e   Section        2  handlers.o(i.__scatterload_null)
    i.__scatterload_zeroinit                 0x080047a0   Section       14  handlers.o(i.__scatterload_zeroinit)
    i._fp_digits                             0x080047b0   Section        0  printfa.o(i._fp_digits)
    _fp_digits                               0x080047b1   Thumb Code   366  printfa.o(i._fp_digits)
    i._printf_core                           0x08004934   Section        0  printfa.o(i._printf_core)
    _printf_core                             0x08004935   Thumb Code  1744  printfa.o(i._printf_core)
    i._printf_post_padding                   0x08005010   Section        0  printfa.o(i._printf_post_padding)
    _printf_post_padding                     0x08005011   Thumb Code    36  printfa.o(i._printf_post_padding)
    i._printf_pre_padding                    0x08005034   Section        0  printfa.o(i._printf_pre_padding)
    _printf_pre_padding                      0x08005035   Thumb Code    46  printfa.o(i._printf_pre_padding)
    i._sputc                                 0x08005062   Section        0  printfa.o(i._sputc)
    _sputc                                   0x08005063   Thumb Code    10  printfa.o(i._sputc)
    i.calulete_humidity                      0x0800506c   Section        0  bme280.o(i.calulete_humidity)
    i.calulete_preasure                      0x080052f0   Section        0  bme280.o(i.calulete_preasure)
    i.calulete_temperature                   0x080055c8   Section        0  bme280.o(i.calulete_temperature)
    i.free                                   0x0800563c   Section        0  malloc.o(i.free)
    i.init_BME280                            0x0800568c   Section        0  bme280.o(i.init_BME280)
    i.init_LCD_ILI9341                       0x080059e0   Section        0  clock_ds3231.o(i.init_LCD_ILI9341)
    i.main                                   0x08005afc   Section        0  main.o(i.main)
    i.malloc                                 0x08005c1c   Section        0  malloc.o(i.malloc)
    i.print_MEMS_in_LCD                      0x08005c88   Section        0  clock_ds3231.o(i.print_MEMS_in_LCD)
    i.print_colon_in_LCD                     0x08005dc4   Section        0  clock_ds3231.o(i.print_colon_in_LCD)
    i.print_data_on_LCD                      0x08005df0   Section        0  clock_ds3231.o(i.print_data_on_LCD)
    i.print_dates_in_LCD                     0x08005e60   Section        0  clock_ds3231.o(i.print_dates_in_LCD)
    i.print_days_in_LCD                      0x08005f48   Section        0  clock_ds3231.o(i.print_days_in_LCD)
    i.print_hours_in_LCD                     0x08006010   Section        0  clock_ds3231.o(i.print_hours_in_LCD)
    i.print_minutes_in_LCD                   0x080060c0   Section        0  clock_ds3231.o(i.print_minutes_in_LCD)
    i.print_months_in_LCD                    0x08006154   Section        0  clock_ds3231.o(i.print_months_in_LCD)
    i.print_seconds_in_LCD                   0x080061d8   Section        0  clock_ds3231.o(i.print_seconds_in_LCD)
    i.print_year_in_LCD                      0x0800623c   Section        0  clock_ds3231.o(i.print_year_in_LCD)
    i.read_data_BME280                       0x080062a0   Section        0  bme280.o(i.read_data_BME280)
    i.read_data_from_DS3231                  0x0800634c   Section        0  clock_ds3231.o(i.read_data_from_DS3231)
    i.select_dates                           0x08006420   Section        0  clock_ds3231.o(i.select_dates)
    i.select_days                            0x080065b0   Section        0  clock_ds3231.o(i.select_days)
    i.select_hours                           0x080067c0   Section        0  clock_ds3231.o(i.select_hours)
    i.select_minutes                         0x08006ad0   Section        0  clock_ds3231.o(i.select_minutes)
    i.select_month                           0x08006cbc   Section        0  clock_ds3231.o(i.select_month)
    i.select_seconds                         0x08006e4c   Section        0  clock_ds3231.o(i.select_seconds)
    i.select_year                            0x08006fa4   Section        0  clock_ds3231.o(i.select_year)
    .constdata                               0x08007134   Section      576  ili9341_gfx.o(.constdata)
    font                                     0x08007134   Data         576  ili9341_gfx.o(.constdata)
    .constdata                               0x08007374   Section       24  system_stm32f1xx.o(.constdata)
    .data                                    0x20000000   Section        4  ili9341_stm32_driver.o(.data)
    .data                                    0x20000004   Section       47  clock_ds3231.o(.data)
    .data                                    0x20000034   Section       44  bme280.o(.data)
    .data                                    0x20000060   Section        9  nrf24.o(.data)
    .data                                    0x2000006c   Section       76  main.o(.data)
    .data                                    0x200000b8   Section        9  stm32f1xx_hal.o(.data)
    .data                                    0x200000c4   Section        4  system_stm32f1xx.o(.data)
    .data                                    0x200000c8   Section        4  mvars.o(.data)
    .data                                    0x200000cc   Section        4  mvars.o(.data)
    .bss                                     0x200000d0   Section       60  bme280.o(.bss)
    .bss                                     0x2000010c   Section      653  main.o(.bss)
    HEAP                                     0x200003a0   Section      512  startup_stm32f103xb.o(HEAP)
    STACK                                    0x200005a0   Section     1024  startup_stm32f103xb.o(STACK)

    Global Symbols

    Symbol Name                              Value     Ov Type        Size  Object(Section)

    BuildAttributes$$THM_ISAv4$P$D$K$B$S$PE$A:L22UL41UL21$X:L11$S22US41US21$IEEE1$IW$USESV6$~STKCKD$USESV7$~SHL$OTIME$ROPI$EBA8$MICROLIB$REQ8$PRES8$EABIv2 0x00000000   Number         0  anon$$obj.o ABSOLUTE
    __ARM_use_no_argv                        0x00000000   Number         0  main.o ABSOLUTE
    _printf_a                                0x00000000   Number         0  stubs.o ABSOLUTE
    _printf_c                                0x00000000   Number         0  stubs.o ABSOLUTE
    _printf_charcount                        0x00000000   Number         0  stubs.o ABSOLUTE
    _printf_d                                0x00000000   Number         0  stubs.o ABSOLUTE
    _printf_e                                0x00000000   Number         0  stubs.o ABSOLUTE
    _printf_f                                0x00000000   Number         0  stubs.o ABSOLUTE
    _printf_flags                            0x00000000   Number         0  stubs.o ABSOLUTE
    _printf_fp_dec                           0x00000000   Number         0  stubs.o ABSOLUTE
    _printf_fp_hex                           0x00000000   Number         0  stubs.o ABSOLUTE
    _printf_g                                0x00000000   Number         0  stubs.o ABSOLUTE
    _printf_i                                0x00000000   Number         0  stubs.o ABSOLUTE
    _printf_int_dec                          0x00000000   Number         0  stubs.o ABSOLUTE
    _printf_l                                0x00000000   Number         0  stubs.o ABSOLUTE
    _printf_lc                               0x00000000   Number         0  stubs.o ABSOLUTE
    _printf_ll                               0x00000000   Number         0  stubs.o ABSOLUTE
    _printf_lld                              0x00000000   Number         0  stubs.o ABSOLUTE
    _printf_lli                              0x00000000   Number         0  stubs.o ABSOLUTE
    _printf_llo                              0x00000000   Number         0  stubs.o ABSOLUTE
    _printf_llu                              0x00000000   Number         0  stubs.o ABSOLUTE
    _printf_llx                              0x00000000   Number         0  stubs.o ABSOLUTE
    _printf_longlong_dec                     0x00000000   Number         0  stubs.o ABSOLUTE
    _printf_longlong_hex                     0x00000000   Number         0  stubs.o ABSOLUTE
    _printf_longlong_oct                     0x00000000   Number         0  stubs.o ABSOLUTE
    _printf_ls                               0x00000000   Number         0  stubs.o ABSOLUTE
    _printf_mbtowc                           0x00000000   Number         0  stubs.o ABSOLUTE
    _printf_n                                0x00000000   Number         0  stubs.o ABSOLUTE
    _printf_o                                0x00000000   Number         0  stubs.o ABSOLUTE
    _printf_p                                0x00000000   Number         0  stubs.o ABSOLUTE
    _printf_percent                          0x00000000   Number         0  stubs.o ABSOLUTE
    _printf_pre_padding                      0x00000000   Number         0  stubs.o ABSOLUTE
    _printf_return_value                     0x00000000   Number         0  stubs.o ABSOLUTE
    _printf_s                                0x00000000   Number         0  stubs.o ABSOLUTE
    _printf_sizespec                         0x00000000   Number         0  stubs.o ABSOLUTE
    _printf_str                              0x00000000   Number         0  stubs.o ABSOLUTE
    _printf_truncate_signed                  0x00000000   Number         0  stubs.o ABSOLUTE
    _printf_truncate_unsigned                0x00000000   Number         0  stubs.o ABSOLUTE
    _printf_u                                0x00000000   Number         0  stubs.o ABSOLUTE
    _printf_wc                               0x00000000   Number         0  stubs.o ABSOLUTE
    _printf_wctomb                           0x00000000   Number         0  stubs.o ABSOLUTE
    _printf_widthprec                        0x00000000   Number         0  stubs.o ABSOLUTE
    _printf_x                                0x00000000   Number         0  stubs.o ABSOLUTE
    __cpp_initialize__aeabi_                  - Undefined Weak Reference
    __cxa_finalize                            - Undefined Weak Reference
    __decompress                              - Undefined Weak Reference
    _clock_init                               - Undefined Weak Reference
    _microlib_exit                            - Undefined Weak Reference
    __Vectors_Size                           0x000000ec   Number         0  startup_stm32f103xb.o ABSOLUTE
    __Vectors                                0x08000000   Data           4  startup_stm32f103xb.o(RESET)
    __Vectors_End                            0x080000ec   Data           0  startup_stm32f103xb.o(RESET)
    __main                                   0x080000ed   Thumb Code     0  entry.o(.ARM.Collect$$$$00000000)
    _main_stk                                0x080000ed   Thumb Code     0  entry2.o(.ARM.Collect$$$$00000001)
    _main_scatterload                        0x080000f1   Thumb Code     0  entry5.o(.ARM.Collect$$$$00000004)
    __main_after_scatterload                 0x080000f5   Thumb Code     0  entry5.o(.ARM.Collect$$$$00000004)
    _main_clock                              0x080000f5   Thumb Code     0  entry7b.o(.ARM.Collect$$$$00000008)
    _main_cpp_init                           0x080000f5   Thumb Code     0  entry8b.o(.ARM.Collect$$$$0000000A)
    _main_init                               0x080000f5   Thumb Code     0  entry9a.o(.ARM.Collect$$$$0000000B)
    __rt_final_cpp                           0x080000fd   Thumb Code     0  entry10a.o(.ARM.Collect$$$$0000000D)
    __rt_final_exit                          0x080000fd   Thumb Code     0  entry11a.o(.ARM.Collect$$$$0000000F)
    Reset_Handler                            0x08000101   Thumb Code     8  startup_stm32f103xb.o(.text)
    ADC1_2_IRQHandler                        0x0800011b   Thumb Code     0  startup_stm32f103xb.o(.text)
    CAN1_RX1_IRQHandler                      0x0800011b   Thumb Code     0  startup_stm32f103xb.o(.text)
    CAN1_SCE_IRQHandler                      0x0800011b   Thumb Code     0  startup_stm32f103xb.o(.text)
    DMA1_Channel1_IRQHandler                 0x0800011b   Thumb Code     0  startup_stm32f103xb.o(.text)
    DMA1_Channel2_IRQHandler                 0x0800011b   Thumb Code     0  startup_stm32f103xb.o(.text)
    DMA1_Channel3_IRQHandler                 0x0800011b   Thumb Code     0  startup_stm32f103xb.o(.text)
    DMA1_Channel4_IRQHandler                 0x0800011b   Thumb Code     0  startup_stm32f103xb.o(.text)
    DMA1_Channel5_IRQHandler                 0x0800011b   Thumb Code     0  startup_stm32f103xb.o(.text)
    DMA1_Channel6_IRQHandler                 0x0800011b   Thumb Code     0  startup_stm32f103xb.o(.text)
    DMA1_Channel7_IRQHandler                 0x0800011b   Thumb Code     0  startup_stm32f103xb.o(.text)
    EXTI0_IRQHandler                         0x0800011b   Thumb Code     0  startup_stm32f103xb.o(.text)
    EXTI15_10_IRQHandler                     0x0800011b   Thumb Code     0  startup_stm32f103xb.o(.text)
    EXTI1_IRQHandler                         0x0800011b   Thumb Code     0  startup_stm32f103xb.o(.text)
    EXTI2_IRQHandler                         0x0800011b   Thumb Code     0  startup_stm32f103xb.o(.text)
    EXTI3_IRQHandler                         0x0800011b   Thumb Code     0  startup_stm32f103xb.o(.text)
    EXTI4_IRQHandler                         0x0800011b   Thumb Code     0  startup_stm32f103xb.o(.text)
    EXTI9_5_IRQHandler                       0x0800011b   Thumb Code     0  startup_stm32f103xb.o(.text)
    FLASH_IRQHandler                         0x0800011b   Thumb Code     0  startup_stm32f103xb.o(.text)
    I2C1_ER_IRQHandler                       0x0800011b   Thumb Code     0  startup_stm32f103xb.o(.text)
    I2C1_EV_IRQHandler                       0x0800011b   Thumb Code     0  startup_stm32f103xb.o(.text)
    I2C2_ER_IRQHandler                       0x0800011b   Thumb Code     0  startup_stm32f103xb.o(.text)
    I2C2_EV_IRQHandler                       0x0800011b   Thumb Code     0  startup_stm32f103xb.o(.text)
    PVD_IRQHandler                           0x0800011b   Thumb Code     0  startup_stm32f103xb.o(.text)
    RCC_IRQHandler                           0x0800011b   Thumb Code     0  startup_stm32f103xb.o(.text)
    RTC_Alarm_IRQHandler                     0x0800011b   Thumb Code     0  startup_stm32f103xb.o(.text)
    RTC_IRQHandler                           0x0800011b   Thumb Code     0  startup_stm32f103xb.o(.text)
    SPI2_IRQHandler                          0x0800011b   Thumb Code     0  startup_stm32f103xb.o(.text)
    TAMPER_IRQHandler                        0x0800011b   Thumb Code     0  startup_stm32f103xb.o(.text)
    TIM1_BRK_IRQHandler                      0x0800011b   Thumb Code     0  startup_stm32f103xb.o(.text)
    TIM1_CC_IRQHandler                       0x0800011b   Thumb Code     0  startup_stm32f103xb.o(.text)
    TIM1_TRG_COM_IRQHandler                  0x0800011b   Thumb Code     0  startup_stm32f103xb.o(.text)
    TIM1_UP_IRQHandler                       0x0800011b   Thumb Code     0  startup_stm32f103xb.o(.text)
    TIM3_IRQHandler                          0x0800011b   Thumb Code     0  startup_stm32f103xb.o(.text)
    TIM4_IRQHandler                          0x0800011b   Thumb Code     0  startup_stm32f103xb.o(.text)
    USART2_IRQHandler                        0x0800011b   Thumb Code     0  startup_stm32f103xb.o(.text)
    USART3_IRQHandler                        0x0800011b   Thumb Code     0  startup_stm32f103xb.o(.text)
    USBWakeUp_IRQHandler                     0x0800011b   Thumb Code     0  startup_stm32f103xb.o(.text)
    USB_HP_CAN1_TX_IRQHandler                0x0800011b   Thumb Code     0  startup_stm32f103xb.o(.text)
    USB_LP_CAN1_RX0_IRQHandler               0x0800011b   Thumb Code     0  startup_stm32f103xb.o(.text)
    WWDG_IRQHandler                          0x0800011b   Thumb Code     0  startup_stm32f103xb.o(.text)
    __aeabi_llsr                             0x08000125   Thumb Code    32  llushr.o(.text)
    _ll_ushift_r                             0x08000125   Thumb Code     0  llushr.o(.text)
    __aeabi_memset                           0x08000145   Thumb Code    14  memseta.o(.text)
    __aeabi_memset4                          0x08000145   Thumb Code     0  memseta.o(.text)
    __aeabi_memset8                          0x08000145   Thumb Code     0  memseta.o(.text)
    __aeabi_memclr                           0x08000153   Thumb Code     4  memseta.o(.text)
    __aeabi_memclr4                          0x08000153   Thumb Code     0  memseta.o(.text)
    __aeabi_memclr8                          0x08000153   Thumb Code     0  memseta.o(.text)
    _memset$wrapper                          0x08000157   Thumb Code    18  memseta.o(.text)
    strlen                                   0x08000169   Thumb Code    14  strlen.o(.text)
    __aeabi_fdiv                             0x08000177   Thumb Code   124  fdiv.o(.text)
    __aeabi_dadd                             0x080001f3   Thumb Code   322  dadd.o(.text)
    __aeabi_dsub                             0x08000335   Thumb Code     6  dadd.o(.text)
    __aeabi_drsub                            0x0800033b   Thumb Code     6  dadd.o(.text)
    __aeabi_dmul                             0x08000341   Thumb Code   228  dmul.o(.text)
    __aeabi_ddiv                             0x08000425   Thumb Code   222  ddiv.o(.text)
    __aeabi_i2f                              0x08000503   Thumb Code    18  fflti.o(.text)
    __aeabi_ui2f                             0x08000515   Thumb Code    10  ffltui.o(.text)
    __aeabi_i2d                              0x0800051f   Thumb Code    34  dflti.o(.text)
    __aeabi_ui2d                             0x08000541   Thumb Code    26  dfltui.o(.text)
    __aeabi_d2iz                             0x0800055b   Thumb Code    62  dfixi.o(.text)
    __aeabi_d2uiz                            0x08000599   Thumb Code    50  dfixui.o(.text)
    __aeabi_f2d                              0x080005cb   Thumb Code    38  f2d.o(.text)
    __aeabi_cdcmpeq                          0x080005f1   Thumb Code     0  cdcmple.o(.text)
    __aeabi_cdcmple                          0x080005f1   Thumb Code    48  cdcmple.o(.text)
    __aeabi_cdrcmple                         0x08000621   Thumb Code    48  cdrcmple.o(.text)
    __aeabi_uidiv                            0x08000651   Thumb Code     0  uidiv.o(.text)
    __aeabi_uidivmod                         0x08000651   Thumb Code    44  uidiv.o(.text)
    __aeabi_uldivmod                         0x0800067d   Thumb Code    98  uldiv.o(.text)
    __aeabi_llsl                             0x080006df   Thumb Code    30  llshl.o(.text)
    _ll_shift_l                              0x080006df   Thumb Code     0  llshl.o(.text)
    __aeabi_lasr                             0x080006fd   Thumb Code    36  llsshr.o(.text)
    _ll_sshift_r                             0x080006fd   Thumb Code     0  llsshr.o(.text)
    __I$use$fp                               0x08000721   Thumb Code     0  iusefp.o(.text)
    _float_round                             0x08000721   Thumb Code    18  fepilogue.o(.text)
    _float_epilogue                          0x08000733   Thumb Code    92  fepilogue.o(.text)
    _double_round                            0x0800078f   Thumb Code    30  depilogue.o(.text)
    _double_epilogue                         0x080007ad   Thumb Code   156  depilogue.o(.text)
    __aeabi_d2ulz                            0x08000849   Thumb Code    48  dfixul.o(.text)
    __scatterload                            0x08000879   Thumb Code    28  init.o(.text)
    __scatterload_rt2                        0x08000879   Thumb Code     0  init.o(.text)
    BusFault_Handler                         0x0800089d   Thumb Code     4  stm32f1xx_it.o(i.BusFault_Handler)
    DebugMon_Handler                         0x080008a1   Thumb Code     2  stm32f1xx_it.o(i.DebugMon_Handler)
    HAL_DMA_Abort_IT                         0x080008d5   Thumb Code   172  stm32f1xx_hal_dma.o(i.HAL_DMA_Abort_IT)
    HAL_Delay                                0x08000985   Thumb Code    36  stm32f1xx_hal.o(i.HAL_Delay)
    HAL_GPIO_Init                            0x080009ad   Thumb Code   764  stm32f1xx_hal_gpio.o(i.HAL_GPIO_Init)
    HAL_GPIO_ReadPin                         0x08000cc9   Thumb Code    16  stm32f1xx_hal_gpio.o(i.HAL_GPIO_ReadPin)
    HAL_GPIO_WritePin                        0x08000cd9   Thumb Code    12  stm32f1xx_hal_gpio.o(i.HAL_GPIO_WritePin)
    HAL_GetTick                              0x08000ce5   Thumb Code     6  stm32f1xx_hal.o(i.HAL_GetTick)
    HAL_I2C_Init                             0x08000cf1   Thumb Code   362  stm32f1xx_hal_i2c.o(i.HAL_I2C_Init)
    HAL_I2C_Mem_Read                         0x08000e6d   Thumb Code   826  stm32f1xx_hal_i2c.o(i.HAL_I2C_Mem_Read)
    HAL_I2C_Mem_Write                        0x080011b5   Thumb Code   384  stm32f1xx_hal_i2c.o(i.HAL_I2C_Mem_Write)
    HAL_I2C_MspInit                          0x0800133d   Thumb Code    66  stm32f1xx_hal_msp.o(i.HAL_I2C_MspInit)
    HAL_IncTick                              0x0800138d   Thumb Code    16  stm32f1xx_hal.o(i.HAL_IncTick)
    HAL_Init                                 0x080013a5   Thumb Code    34  stm32f1xx_hal.o(i.HAL_Init)
    HAL_InitTick                             0x080013cd   Thumb Code    64  stm32f1xx_hal.o(i.HAL_InitTick)
    HAL_MspInit                              0x08001419   Thumb Code   158  stm32f1xx_hal_msp.o(i.HAL_MspInit)
    HAL_NVIC_EnableIRQ                       0x080014c1   Thumb Code    26  stm32f1xx_hal_cortex.o(i.HAL_NVIC_EnableIRQ)
    HAL_NVIC_SetPriority                     0x080014db   Thumb Code   124  stm32f1xx_hal_cortex.o(i.HAL_NVIC_SetPriority)
    HAL_NVIC_SetPriorityGrouping             0x08001559   Thumb Code    32  stm32f1xx_hal_cortex.o(i.HAL_NVIC_SetPriorityGrouping)
    HAL_RCC_ClockConfig                      0x08001581   Thumb Code   402  stm32f1xx_hal_rcc.o(i.HAL_RCC_ClockConfig)
    HAL_RCC_GetHCLKFreq                      0x08001725   Thumb Code     6  stm32f1xx_hal_rcc.o(i.HAL_RCC_GetHCLKFreq)
    HAL_RCC_GetPCLK1Freq                     0x08001731   Thumb Code    22  stm32f1xx_hal_rcc.o(i.HAL_RCC_GetPCLK1Freq)
    HAL_RCC_GetPCLK2Freq                     0x08001751   Thumb Code    22  stm32f1xx_hal_rcc.o(i.HAL_RCC_GetPCLK2Freq)
    HAL_RCC_GetSysClockFreq                  0x08001771   Thumb Code   116  stm32f1xx_hal_rcc.o(i.HAL_RCC_GetSysClockFreq)
    HAL_RCC_OscConfig                        0x08001805   Thumb Code  1078  stm32f1xx_hal_rcc.o(i.HAL_RCC_OscConfig)
    HAL_SPI_ErrorCallback                    0x08001c45   Thumb Code     2  stm32f1xx_hal_spi.o(i.HAL_SPI_ErrorCallback)
    HAL_SPI_IRQHandler                       0x08001c49   Thumb Code   276  stm32f1xx_hal_spi.o(i.HAL_SPI_IRQHandler)
    HAL_SPI_Init                             0x08001d61   Thumb Code   134  stm32f1xx_hal_spi_ex.o(i.HAL_SPI_Init)
    HAL_SPI_MspInit                          0x08001de9   Thumb Code   180  stm32f1xx_hal_msp.o(i.HAL_SPI_MspInit)
    HAL_SPI_Receive                          0x08001eb1   Thumb Code   364  stm32f1xx_hal_spi.o(i.HAL_SPI_Receive)
    HAL_SPI_Transmit                         0x0800201d   Thumb Code   422  stm32f1xx_hal_spi.o(i.HAL_SPI_Transmit)
    HAL_SPI_TransmitReceive                  0x080021c3   Thumb Code   542  stm32f1xx_hal_spi.o(i.HAL_SPI_TransmitReceive)
    HAL_SYSTICK_CLKSourceConfig              0x080023e1   Thumb Code    40  stm32f1xx_hal_cortex.o(i.HAL_SYSTICK_CLKSourceConfig)
    HAL_SYSTICK_Callback                     0x08002409   Thumb Code     2  stm32f1xx_hal_cortex.o(i.HAL_SYSTICK_Callback)
    HAL_SYSTICK_Config                       0x0800240b   Thumb Code    52  stm32f1xx_hal_cortex.o(i.HAL_SYSTICK_Config)
    HAL_SYSTICK_IRQHandler                   0x0800243f   Thumb Code     8  stm32f1xx_hal_cortex.o(i.HAL_SYSTICK_IRQHandler)
    HAL_TIMEx_BreakCallback                  0x08002447   Thumb Code     2  stm32f1xx_hal_tim_ex.o(i.HAL_TIMEx_BreakCallback)
    HAL_TIMEx_CommutationCallback            0x08002449   Thumb Code     2  stm32f1xx_hal_tim_ex.o(i.HAL_TIMEx_CommutationCallback)
    HAL_TIMEx_MasterConfigSynchronization    0x0800244b   Thumb Code    98  stm32f1xx_hal_tim_ex.o(i.HAL_TIMEx_MasterConfigSynchronization)
    HAL_TIM_Base_Init                        0x080024ad   Thumb Code    52  stm32f1xx_hal_tim.o(i.HAL_TIM_Base_Init)
    HAL_TIM_Base_MspInit                     0x080024e1   Thumb Code    58  stm32f1xx_hal_msp.o(i.HAL_TIM_Base_MspInit)
    HAL_TIM_Base_Start_IT                    0x08002521   Thumb Code    30  stm32f1xx_hal_tim.o(i.HAL_TIM_Base_Start_IT)
    HAL_TIM_ConfigClockSource                0x0800253f   Thumb Code   306  stm32f1xx_hal_tim.o(i.HAL_TIM_ConfigClockSource)
    HAL_TIM_IC_CaptureCallback               0x08002671   Thumb Code     2  stm32f1xx_hal_tim.o(i.HAL_TIM_IC_CaptureCallback)
    HAL_TIM_IRQHandler                       0x08002673   Thumb Code   406  stm32f1xx_hal_tim.o(i.HAL_TIM_IRQHandler)
    HAL_TIM_OC_DelayElapsedCallback          0x08002809   Thumb Code     2  stm32f1xx_hal_tim.o(i.HAL_TIM_OC_DelayElapsedCallback)
    HAL_TIM_PWM_PulseFinishedCallback        0x0800280b   Thumb Code     2  stm32f1xx_hal_tim.o(i.HAL_TIM_PWM_PulseFinishedCallback)
    HAL_TIM_PeriodElapsedCallback            0x0800280d   Thumb Code     2  stm32f1xx_hal_tim.o(i.HAL_TIM_PeriodElapsedCallback)
    HAL_TIM_TriggerCallback                  0x0800280f   Thumb Code     2  stm32f1xx_hal_tim.o(i.HAL_TIM_TriggerCallback)
    HAL_UART_ErrorCallback                   0x08002811   Thumb Code     2  stm32f1xx_hal_uart.o(i.HAL_UART_ErrorCallback)
    HAL_UART_IRQHandler                      0x08002815   Thumb Code   326  stm32f1xx_hal_uart.o(i.HAL_UART_IRQHandler)
    HAL_UART_Init                            0x08002961   Thumb Code   114  stm32f1xx_hal_uart.o(i.HAL_UART_Init)
    HAL_UART_MspInit                         0x080029d5   Thumb Code   102  stm32f1xx_hal_msp.o(i.HAL_UART_MspInit)
    HAL_UART_RxCpltCallback                  0x08002a49   Thumb Code     2  stm32f1xx_hal_uart.o(i.HAL_UART_RxCpltCallback)
    HAL_UART_Transmit                        0x08002a4b   Thumb Code   214  stm32f1xx_hal_uart.o(i.HAL_UART_Transmit)
    HAL_UART_TxCpltCallback                  0x08002b21   Thumb Code     2  stm32f1xx_hal_uart.o(i.HAL_UART_TxCpltCallback)
    HardFault_Handler                        0x08002b23   Thumb Code     4  stm32f1xx_it.o(i.HardFault_Handler)
    ILI9341_Draw_Char                        0x08002fd9   Thumb Code   170  ili9341_gfx.o(i.ILI9341_Draw_Char)
    ILI9341_Draw_Colour_Burst                0x08003089   Thumb Code   166  ili9341_stm32_driver.o(i.ILI9341_Draw_Colour_Burst)
    ILI9341_Draw_Filled_Rectangle_Coord      0x0800313d   Thumb Code   136  ili9341_gfx.o(i.ILI9341_Draw_Filled_Rectangle_Coord)
    ILI9341_Draw_Pixel                       0x080031c5   Thumb Code   350  ili9341_stm32_driver.o(i.ILI9341_Draw_Pixel)
    ILI9341_Draw_Rectangle                   0x08003339   Thumb Code   110  ili9341_stm32_driver.o(i.ILI9341_Draw_Rectangle)
    ILI9341_Draw_Text                        0x080033b1   Thumb Code    54  ili9341_gfx.o(i.ILI9341_Draw_Text)
    ILI9341_Enable                           0x080033e9   Thumb Code    14  ili9341_stm32_driver.o(i.ILI9341_Enable)
    ILI9341_Fill_Screen                      0x080033fd   Thumb Code    40  ili9341_stm32_driver.o(i.ILI9341_Fill_Screen)
    ILI9341_Init                             0x0800342d   Thumb Code   534  ili9341_stm32_driver.o(i.ILI9341_Init)
    ILI9341_Reset                            0x08003645   Thumb Code    50  ili9341_stm32_driver.o(i.ILI9341_Reset)
    ILI9341_SPI_Init                         0x08003681   Thumb Code    16  ili9341_stm32_driver.o(i.ILI9341_SPI_Init)
    ILI9341_SPI_Send                         0x08003695   Thumb Code    16  ili9341_stm32_driver.o(i.ILI9341_SPI_Send)
    ILI9341_Set_Address                      0x080036a9   Thumb Code    82  ili9341_stm32_driver.o(i.ILI9341_Set_Address)
    ILI9341_Set_Rotation                     0x080036fd   Thumb Code   128  ili9341_stm32_driver.o(i.ILI9341_Set_Rotation)
    ILI9341_Write_Command                    0x08003785   Thumb Code    46  ili9341_stm32_driver.o(i.ILI9341_Write_Command)
    ILI9341_Write_Data                       0x080037bd   Thumb Code    44  ili9341_stm32_driver.o(i.ILI9341_Write_Data)
    MemManage_Handler                        0x08003b0d   Thumb Code     4  stm32f1xx_it.o(i.MemManage_Handler)
    NMI_Handler                              0x08003b11   Thumb Code     2  stm32f1xx_it.o(i.NMI_Handler)
    NRF24L01_RX_Mode                         0x08003b15   Thumb Code    50  nrf24.o(i.NRF24L01_RX_Mode)
    NRF24L01_Receive                         0x08003b4d   Thumb Code   244  nrf24.o(i.NRF24L01_Receive)
    NRF24_FlushRX                            0x08003cb5   Thumb Code    50  nrf24.o(i.NRF24_FlushRX)
    NRF24_FlushTX                            0x08003cf5   Thumb Code    50  nrf24.o(i.NRF24_FlushTX)
    NRF24_ReadReg                            0x08003d35   Thumb Code    84  nrf24.o(i.NRF24_ReadReg)
    NRF24_Read_Buf                           0x08003d91   Thumb Code    56  nrf24.o(i.NRF24_Read_Buf)
    NRF24_ToggleFeatures                     0x08003dd1   Thumb Code    68  nrf24.o(i.NRF24_ToggleFeatures)
    NRF24_WriteReg                           0x08003e21   Thumb Code    62  nrf24.o(i.NRF24_WriteReg)
    NRF24_Write_Buf                          0x08003e69   Thumb Code    72  nrf24.o(i.NRF24_Write_Buf)
    NRF24_ini                                0x08003eb9   Thumb Code   158  nrf24.o(i.NRF24_ini)
    NRF24_receive_data_from_oudor            0x08003f65   Thumb Code     8  main.o(i.NRF24_receive_data_from_oudor)
    PendSV_Handler                           0x08003fa5   Thumb Code     2  stm32f1xx_it.o(i.PendSV_Handler)
    RTC_ConvertFromBinDec                    0x08003fd1   Thumb Code    26  clock_ds3231.o(i.RTC_ConvertFromBinDec)
    RTC_ConvertFromDec                       0x08003feb   Thumb Code    20  clock_ds3231.o(i.RTC_ConvertFromDec)
    SPI1_IRQHandler                          0x08004001   Thumb Code    10  stm32f1xx_it.o(i.SPI1_IRQHandler)
    SVC_Handler                              0x080040f7   Thumb Code     2  stm32f1xx_it.o(i.SVC_Handler)
    SysTick_Handler                          0x080040f9   Thumb Code    12  stm32f1xx_it.o(i.SysTick_Handler)
    SystemClock_Config                       0x08004105   Thumb Code   132  main.o(i.SystemClock_Config)
    SystemInit                               0x08004199   Thumb Code    70  system_stm32f1xx.o(i.SystemInit)
    TIM2_IRQHandler                          0x080041f1   Thumb Code    62  stm32f1xx_it.o(i.TIM2_IRQHandler)
    TIM_Base_SetConfig                       0x0800424d   Thumb Code   102  stm32f1xx_hal_tim.o(i.TIM_Base_SetConfig)
    USART1_IRQHandler                        0x080046d9   Thumb Code    10  stm32f1xx_it.o(i.USART1_IRQHandler)
    UsageFault_Handler                       0x080046e9   Thumb Code     4  stm32f1xx_it.o(i.UsageFault_Handler)
    WRITE_DATA                               0x080046ed   Thumb Code    94  clock_ds3231.o(i.WRITE_DATA)
    _Error_Handler                           0x08004765   Thumb Code     4  main.o(i._Error_Handler)
    __0sprintf                               0x08004769   Thumb Code    34  printfa.o(i.__0sprintf)
    __1sprintf                               0x08004769   Thumb Code     0  printfa.o(i.__0sprintf)
    __2sprintf                               0x08004769   Thumb Code     0  printfa.o(i.__0sprintf)
    __c89sprintf                             0x08004769   Thumb Code     0  printfa.o(i.__0sprintf)
    sprintf                                  0x08004769   Thumb Code     0  printfa.o(i.__0sprintf)
    __scatterload_copy                       0x08004791   Thumb Code    14  handlers.o(i.__scatterload_copy)
    __scatterload_null                       0x0800479f   Thumb Code     2  handlers.o(i.__scatterload_null)
    __scatterload_zeroinit                   0x080047a1   Thumb Code    14  handlers.o(i.__scatterload_zeroinit)
    calulete_humidity                        0x0800506d   Thumb Code   564  bme280.o(i.calulete_humidity)
    calulete_preasure                        0x080052f1   Thumb Code   630  bme280.o(i.calulete_preasure)
    calulete_temperature                     0x080055c9   Thumb Code    92  bme280.o(i.calulete_temperature)
    free                                     0x0800563d   Thumb Code    76  malloc.o(i.free)
    init_BME280                              0x0800568d   Thumb Code   766  bme280.o(i.init_BME280)
    init_LCD_ILI9341                         0x080059e1   Thumb Code   260  clock_ds3231.o(i.init_LCD_ILI9341)
    main                                     0x08005afd   Thumb Code   264  main.o(i.main)
    malloc                                   0x08005c1d   Thumb Code    92  malloc.o(i.malloc)
    print_MEMS_in_LCD                        0x08005c89   Thumb Code   260  clock_ds3231.o(i.print_MEMS_in_LCD)
    print_colon_in_LCD                       0x08005dc5   Thumb Code    38  clock_ds3231.o(i.print_colon_in_LCD)
    print_data_on_LCD                        0x08005df1   Thumb Code   100  clock_ds3231.o(i.print_data_on_LCD)
    print_dates_in_LCD                       0x08005e61   Thumb Code   220  clock_ds3231.o(i.print_dates_in_LCD)
    print_days_in_LCD                        0x08005f49   Thumb Code   130  clock_ds3231.o(i.print_days_in_LCD)
    print_hours_in_LCD                       0x08006011   Thumb Code   160  clock_ds3231.o(i.print_hours_in_LCD)
    print_minutes_in_LCD                     0x080060c1   Thumb Code   132  clock_ds3231.o(i.print_minutes_in_LCD)
    print_months_in_LCD                      0x08006155   Thumb Code   118  clock_ds3231.o(i.print_months_in_LCD)
    print_seconds_in_LCD                     0x080061d9   Thumb Code    86  clock_ds3231.o(i.print_seconds_in_LCD)
    print_year_in_LCD                        0x0800623d   Thumb Code    90  clock_ds3231.o(i.print_year_in_LCD)
    read_data_BME280                         0x080062a1   Thumb Code   148  bme280.o(i.read_data_BME280)
    read_data_from_DS3231                    0x0800634d   Thumb Code   152  clock_ds3231.o(i.read_data_from_DS3231)
    select_dates                             0x08006421   Thumb Code   348  clock_ds3231.o(i.select_dates)
    select_days                              0x080065b1   Thumb Code   404  clock_ds3231.o(i.select_days)
    select_hours                             0x080067c1   Thumb Code   710  clock_ds3231.o(i.select_hours)
    select_minutes                           0x08006ad1   Thumb Code   438  clock_ds3231.o(i.select_minutes)
    select_month                             0x08006cbd   Thumb Code   348  clock_ds3231.o(i.select_month)
    select_seconds                           0x08006e4d   Thumb Code   288  clock_ds3231.o(i.select_seconds)
    select_year                              0x08006fa5   Thumb Code   346  clock_ds3231.o(i.select_year)
    AHBPrescTable                            0x08007374   Data          16  system_stm32f1xx.o(.constdata)
    APBPrescTable                            0x08007384   Data           8  system_stm32f1xx.o(.constdata)
    Region$$Table$$Base                      0x0800738c   Number         0  anon$$obj.o(Region$$Table)
    Region$$Table$$Limit                     0x080073ac   Number         0  anon$$obj.o(Region$$Table)
    LCD_HEIGHT                               0x20000000   Data           2  ili9341_stm32_driver.o(.data)
    LCD_WIDTH                                0x20000002   Data           2  ili9341_stm32_driver.o(.data)
    STATUS_CONNECTION_TO_OUTDOR              0x20000004   Data           1  clock_ds3231.o(.data)
    ADRESS_DEVCE_DS3231                      0x20000006   Data           2  clock_ds3231.o(.data)
    ADDRES_SEC_REG                           0x20000008   Data           2  clock_ds3231.o(.data)
    ADDRES_MIN_REG                           0x2000000a   Data           2  clock_ds3231.o(.data)
    ADDRES_HOUR_REG                          0x2000000c   Data           2  clock_ds3231.o(.data)
    ADDRES_DAY_REG                           0x2000000e   Data           2  clock_ds3231.o(.data)
    ADDRES_DATE_REG                          0x20000010   Data           2  clock_ds3231.o(.data)
    ADDRES_MOUNTH_REG                        0x20000012   Data           2  clock_ds3231.o(.data)
    ADDRES_YEAR_REG                          0x20000014   Data           2  clock_ds3231.o(.data)
    Read_sec                                 0x20000016   Data           2  clock_ds3231.o(.data)
    reg_DS3231                               0x20000018   Data           1  clock_ds3231.o(.data)
    data_to_DS3231                           0x20000019   Data           1  clock_ds3231.o(.data)
    STATUS                                   0x2000001a   Data           1  clock_ds3231.o(.data)
    buff                                     0x2000001b   Data           7  clock_ds3231.o(.data)
    sizebuf_data_return                      0x20000022   Data           2  clock_ds3231.o(.data)
    return_one_byre                          0x20000024   Data           2  clock_ds3231.o(.data)
    sizebuf                                  0x20000026   Data           2  clock_ds3231.o(.data)
    timeout                                  0x20000028   Data           4  clock_ds3231.o(.data)
    sec                                      0x2000002c   Data           1  clock_ds3231.o(.data)
    min                                      0x2000002d   Data           1  clock_ds3231.o(.data)
    hour                                     0x2000002e   Data           1  clock_ds3231.o(.data)
    day                                      0x2000002f   Data           1  clock_ds3231.o(.data)
    date                                     0x20000030   Data           1  clock_ds3231.o(.data)
    month                                    0x20000031   Data           1  clock_ds3231.o(.data)
    year                                     0x20000032   Data           1  clock_ds3231.o(.data)
    STATUS_BME280                            0x20000034   Data           1  bme280.o(.data)
    buff_id                                  0x20000035   Data           1  bme280.o(.data)
    dig_T1_LSB                               0x20000036   Data           2  bme280.o(.data)
    dig_T1_MSB                               0x20000038   Data           2  bme280.o(.data)
    dig_T1                                   0x2000003a   Data           2  bme280.o(.data)
    dig_T2_LSB                               0x2000003c   Data           2  bme280.o(.data)
    dig_T2_MSB                               0x2000003e   Data           2  bme280.o(.data)
    dig_T2                                   0x20000040   Data           2  bme280.o(.data)
    dig_T3_LSB                               0x20000042   Data           2  bme280.o(.data)
    dig_T3_MSB                               0x20000044   Data           2  bme280.o(.data)
    dig_T3                                   0x20000046   Data           2  bme280.o(.data)
    dig_P1                                   0x20000048   Data           2  bme280.o(.data)
    dig_P2                                   0x2000004a   Data           2  bme280.o(.data)
    dig_P3                                   0x2000004c   Data           2  bme280.o(.data)
    dig_P4                                   0x2000004e   Data           2  bme280.o(.data)
    dig_P5                                   0x20000050   Data           2  bme280.o(.data)
    dig_P6                                   0x20000052   Data           2  bme280.o(.data)
    dig_P7                                   0x20000054   Data           2  bme280.o(.data)
    dig_P8                                   0x20000056   Data           2  bme280.o(.data)
    dig_P9                                   0x20000058   Data           2  bme280.o(.data)
    t_fine                                   0x2000005c   Data           4  bme280.o(.data)
    TX_ADDRESS                               0x20000060   Data           3  nrf24.o(.data)
    RX_BUF                                   0x20000063   Data           5  nrf24.o(.data)
    ErrCnt_F1                                0x20000068   Data           1  nrf24.o(.data)
    T_outdoor                                0x2000006c   Data           4  main.o(.data)
    H_outdoor                                0x20000070   Data           2  main.o(.data)
    T_indoor                                 0x20000074   Data           4  main.o(.data)
    H_indoor                                 0x20000078   Data           2  main.o(.data)
    P                                        0x2000007c   Data           4  main.o(.data)
    STATUS_BUTTON_PRESS                      0x20000080   Data           4  main.o(.data)
    STATUS_BUTTON_NOT_PRESS                  0x20000084   Data           4  main.o(.data)
    button_1                                 0x20000088   Data           4  main.o(.data)
    button_2                                 0x2000008c   Data           4  main.o(.data)
    button_3                                 0x20000090   Data           4  main.o(.data)
    button_4                                 0x20000094   Data           4  main.o(.data)
    size_uart                                0x20000098   Data           1  main.o(.data)
    size_mas                                 0x20000099   Data           1  main.o(.data)
    i                                        0x2000009a   Data           1  main.o(.data)
    size                                     0x2000009b   Data           1  main.o(.data)
    max_value_SEC                            0x2000009c   Data           1  main.o(.data)
    min_value_SEC                            0x2000009d   Data           1  main.o(.data)
    max_value_MINUTE                         0x2000009e   Data           1  main.o(.data)
    min_value_MINUTE                         0x2000009f   Data           1  main.o(.data)
    max_value_HOURS                          0x200000a0   Data           1  main.o(.data)
    min_value_HOURS                          0x200000a1   Data           1  main.o(.data)
    max_value_DAYS                           0x200000a2   Data           1  main.o(.data)
    min_value_DAYS                           0x200000a3   Data           1  main.o(.data)
    max_value_DATA                           0x200000a4   Data           1  main.o(.data)
    min_value_DATA                           0x200000a5   Data           1  main.o(.data)
    max_value_MOUNTH                         0x200000a6   Data           1  main.o(.data)
    min_value_MOUNTH                         0x200000a7   Data           1  main.o(.data)
    max_value_YEAR                           0x200000a8   Data           1  main.o(.data)
    min_value_YEAR                           0x200000a9   Data           1  main.o(.data)
    blinking_LCD                             0x200000ac   Data           4  main.o(.data)
    optimization_ON                          0x200000b0   Data           4  main.o(.data)
    optimization_OFF                         0x200000b4   Data           4  main.o(.data)
    uwTick                                   0x200000b8   Data           4  stm32f1xx_hal.o(.data)
    uwTickPrio                               0x200000bc   Data           4  stm32f1xx_hal.o(.data)
    uwTickFreq                               0x200000c0   Data           1  stm32f1xx_hal.o(.data)
    SystemCoreClock                          0x200000c4   Data           4  system_stm32f1xx.o(.data)
    __microlib_freelist                      0x200000c8   Data           4  mvars.o(.data)
    __microlib_freelist_initialised          0x200000cc   Data           4  mvars.o(.data)
    str_BME280                               0x200000d0   Data          60  bme280.o(.bss)
    hi2c1                                    0x2000010c   Data          84  main.o(.bss)
    hspi1                                    0x20000160   Data          88  main.o(.bss)
    hspi2                                    0x200001b8   Data          88  main.o(.bss)
    htim2                                    0x20000210   Data          64  main.o(.bss)
    huart1                                   0x20000250   Data          64  main.o(.bss)
    str1                                     0x20000290   Data         150  main.o(.bss)
    buf1                                     0x20000326   Data          20  main.o(.bss)
    str3                                     0x2000033a   Data          35  main.o(.bss)
    str_UART                                 0x2000035d   Data          10  main.o(.bss)
    str_LCD                                  0x20000367   Data          20  main.o(.bss)
    str_LCD_CLAER                            0x2000037b   Data          20  main.o(.bss)
    str_uatr                                 0x2000038f   Data          10  main.o(.bss)
    __heap_base                              0x200003a0   Data           0  startup_stm32f103xb.o(HEAP)
    __heap_limit                             0x200005a0   Data           0  startup_stm32f103xb.o(HEAP)
    __initial_sp                             0x200009a0   Data           0  startup_stm32f103xb.o(STACK)



==============================================================================

Memory Map of the image

  Image Entry point : 0x080000ed

  Load Region LR_IROM1 (Base: 0x08000000, Size: 0x0000747c, Max: 0x00010000, ABSOLUTE)

    Execution Region ER_IROM1 (Exec base: 0x08000000, Load base: 0x08000000, Size: 0x000073ac, Max: 0x00010000, ABSOLUTE)

    Exec Addr    Load Addr    Size         Type   Attr      Idx    E Section Name        Object

    0x08000000   0x08000000   0x000000ec   Data   RO            3    RESET               startup_stm32f103xb.o
    0x080000ec   0x080000ec   0x00000000   Code   RO         3921  * .ARM.Collect$$$$00000000  mc_w.l(entry.o)
    0x080000ec   0x080000ec   0x00000004   Code   RO         4247    .ARM.Collect$$$$00000001  mc_w.l(entry2.o)
    0x080000f0   0x080000f0   0x00000004   Code   RO         4250    .ARM.Collect$$$$00000004  mc_w.l(entry5.o)
    0x080000f4   0x080000f4   0x00000000   Code   RO         4252    .ARM.Collect$$$$00000008  mc_w.l(entry7b.o)
    0x080000f4   0x080000f4   0x00000000   Code   RO         4254    .ARM.Collect$$$$0000000A  mc_w.l(entry8b.o)
    0x080000f4   0x080000f4   0x00000008   Code   RO         4255    .ARM.Collect$$$$0000000B  mc_w.l(entry9a.o)
    0x080000fc   0x080000fc   0x00000000   Code   RO         4257    .ARM.Collect$$$$0000000D  mc_w.l(entry10a.o)
    0x080000fc   0x080000fc   0x00000000   Code   RO         4259    .ARM.Collect$$$$0000000F  mc_w.l(entry11a.o)
    0x080000fc   0x080000fc   0x00000004   Code   RO         4248    .ARM.Collect$$$$00002712  mc_w.l(entry2.o)
    0x08000100   0x08000100   0x00000024   Code   RO            4    .text               startup_stm32f103xb.o
    0x08000124   0x08000124   0x00000020   Code   RO         3924    .text               mc_w.l(llushr.o)
    0x08000144   0x08000144   0x00000024   Code   RO         3926    .text               mc_w.l(memseta.o)
    0x08000168   0x08000168   0x0000000e   Code   RO         3928    .text               mc_w.l(strlen.o)
    0x08000176   0x08000176   0x0000007c   Code   RO         4219    .text               mf_w.l(fdiv.o)
    0x080001f2   0x080001f2   0x0000014e   Code   RO         4221    .text               mf_w.l(dadd.o)
    0x08000340   0x08000340   0x000000e4   Code   RO         4223    .text               mf_w.l(dmul.o)
    0x08000424   0x08000424   0x000000de   Code   RO         4225    .text               mf_w.l(ddiv.o)
    0x08000502   0x08000502   0x00000012   Code   RO         4227    .text               mf_w.l(fflti.o)
    0x08000514   0x08000514   0x0000000a   Code   RO         4229    .text               mf_w.l(ffltui.o)
    0x0800051e   0x0800051e   0x00000022   Code   RO         4231    .text               mf_w.l(dflti.o)
    0x08000540   0x08000540   0x0000001a   Code   RO         4233    .text               mf_w.l(dfltui.o)
    0x0800055a   0x0800055a   0x0000003e   Code   RO         4235    .text               mf_w.l(dfixi.o)
    0x08000598   0x08000598   0x00000032   Code   RO         4237    .text               mf_w.l(dfixui.o)
    0x080005ca   0x080005ca   0x00000026   Code   RO         4239    .text               mf_w.l(f2d.o)
    0x080005f0   0x080005f0   0x00000030   Code   RO         4241    .text               mf_w.l(cdcmple.o)
    0x08000620   0x08000620   0x00000030   Code   RO         4243    .text               mf_w.l(cdrcmple.o)
    0x08000650   0x08000650   0x0000002c   Code   RO         4264    .text               mc_w.l(uidiv.o)
    0x0800067c   0x0800067c   0x00000062   Code   RO         4266    .text               mc_w.l(uldiv.o)
    0x080006de   0x080006de   0x0000001e   Code   RO         4268    .text               mc_w.l(llshl.o)
    0x080006fc   0x080006fc   0x00000024   Code   RO         4270    .text               mc_w.l(llsshr.o)
    0x08000720   0x08000720   0x00000000   Code   RO         4278    .text               mc_w.l(iusefp.o)
    0x08000720   0x08000720   0x0000006e   Code   RO         4279    .text               mf_w.l(fepilogue.o)
    0x0800078e   0x0800078e   0x000000ba   Code   RO         4281    .text               mf_w.l(depilogue.o)
    0x08000848   0x08000848   0x00000030   Code   RO         4283    .text               mf_w.l(dfixul.o)
    0x08000878   0x08000878   0x00000024   Code   RO         4285    .text               mc_w.l(init.o)
    0x0800089c   0x0800089c   0x00000004   Code   RO          784    i.BusFault_Handler  stm32f1xx_it.o
    0x080008a0   0x080008a0   0x00000002   Code   RO          785    i.DebugMon_Handler  stm32f1xx_it.o
    0x080008a2   0x080008a2   0x00000002   PAD
    0x080008a4   0x080008a4   0x00000030   Code   RO          541    i.DelayMicro        nrf24.o
    0x080008d4   0x080008d4   0x000000b0   Code   RO         3338    i.HAL_DMA_Abort_IT  stm32f1xx_hal_dma.o
    0x08000984   0x08000984   0x00000028   Code   RO         2975    i.HAL_Delay         stm32f1xx_hal.o
    0x080009ac   0x080009ac   0x0000031c   Code   RO         3273    i.HAL_GPIO_Init     stm32f1xx_hal_gpio.o
    0x08000cc8   0x08000cc8   0x00000010   Code   RO         3275    i.HAL_GPIO_ReadPin  stm32f1xx_hal_gpio.o
    0x08000cd8   0x08000cd8   0x0000000c   Code   RO         3277    i.HAL_GPIO_WritePin  stm32f1xx_hal_gpio.o
    0x08000ce4   0x08000ce4   0x0000000c   Code   RO         2979    i.HAL_GetTick       stm32f1xx_hal.o
    0x08000cf0   0x08000cf0   0x0000017c   Code   RO          994    i.HAL_I2C_Init      stm32f1xx_hal_i2c.o
    0x08000e6c   0x08000e6c   0x00000348   Code   RO         1010    i.HAL_I2C_Mem_Read  stm32f1xx_hal_i2c.o
    0x080011b4   0x080011b4   0x00000188   Code   RO         1013    i.HAL_I2C_Mem_Write  stm32f1xx_hal_i2c.o
    0x0800133c   0x0800133c   0x00000050   Code   RO          876    i.HAL_I2C_MspInit   stm32f1xx_hal_msp.o
    0x0800138c   0x0800138c   0x00000018   Code   RO         2983    i.HAL_IncTick       stm32f1xx_hal.o
    0x080013a4   0x080013a4   0x00000028   Code   RO         2984    i.HAL_Init          stm32f1xx_hal.o
    0x080013cc   0x080013cc   0x0000004c   Code   RO         2985    i.HAL_InitTick      stm32f1xx_hal.o
    0x08001418   0x08001418   0x000000a8   Code   RO          877    i.HAL_MspInit       stm32f1xx_hal_msp.o
    0x080014c0   0x080014c0   0x0000001a   Code   RO         3433    i.HAL_NVIC_EnableIRQ  stm32f1xx_hal_cortex.o
    0x080014da   0x080014da   0x0000007c   Code   RO         3439    i.HAL_NVIC_SetPriority  stm32f1xx_hal_cortex.o
    0x08001556   0x08001556   0x00000002   PAD
    0x08001558   0x08001558   0x00000028   Code   RO         3440    i.HAL_NVIC_SetPriorityGrouping  stm32f1xx_hal_cortex.o
    0x08001580   0x08001580   0x000001a4   Code   RO         3128    i.HAL_RCC_ClockConfig  stm32f1xx_hal_rcc.o
    0x08001724   0x08001724   0x0000000c   Code   RO         3133    i.HAL_RCC_GetHCLKFreq  stm32f1xx_hal_rcc.o
    0x08001730   0x08001730   0x00000020   Code   RO         3135    i.HAL_RCC_GetPCLK1Freq  stm32f1xx_hal_rcc.o
    0x08001750   0x08001750   0x00000020   Code   RO         3136    i.HAL_RCC_GetPCLK2Freq  stm32f1xx_hal_rcc.o
    0x08001770   0x08001770   0x00000094   Code   RO         3137    i.HAL_RCC_GetSysClockFreq  stm32f1xx_hal_rcc.o
    0x08001804   0x08001804   0x00000440   Code   RO         3140    i.HAL_RCC_OscConfig  stm32f1xx_hal_rcc.o
    0x08001c44   0x08001c44   0x00000002   Code   RO         1423    i.HAL_SPI_ErrorCallback  stm32f1xx_hal_spi.o
    0x08001c46   0x08001c46   0x00000002   PAD
    0x08001c48   0x08001c48   0x00000118   Code   RO         1426    i.HAL_SPI_IRQHandler  stm32f1xx_hal_spi.o
    0x08001d60   0x08001d60   0x00000086   Code   RO         1739    i.HAL_SPI_Init      stm32f1xx_hal_spi_ex.o
    0x08001de6   0x08001de6   0x00000002   PAD
    0x08001de8   0x08001de8   0x000000c8   Code   RO          879    i.HAL_SPI_MspInit   stm32f1xx_hal_msp.o
    0x08001eb0   0x08001eb0   0x0000016c   Code   RO         1430    i.HAL_SPI_Receive   stm32f1xx_hal_spi.o
    0x0800201c   0x0800201c   0x000001a6   Code   RO         1435    i.HAL_SPI_Transmit  stm32f1xx_hal_spi.o
    0x080021c2   0x080021c2   0x0000021e   Code   RO         1436    i.HAL_SPI_TransmitReceive  stm32f1xx_hal_spi.o
    0x080023e0   0x080023e0   0x00000028   Code   RO         3442    i.HAL_SYSTICK_CLKSourceConfig  stm32f1xx_hal_cortex.o
    0x08002408   0x08002408   0x00000002   Code   RO         3443    i.HAL_SYSTICK_Callback  stm32f1xx_hal_cortex.o
    0x0800240a   0x0800240a   0x00000034   Code   RO         3444    i.HAL_SYSTICK_Config  stm32f1xx_hal_cortex.o
    0x0800243e   0x0800243e   0x00000008   Code   RO         3445    i.HAL_SYSTICK_IRQHandler  stm32f1xx_hal_cortex.o
    0x08002446   0x08002446   0x00000002   Code   RO         2404    i.HAL_TIMEx_BreakCallback  stm32f1xx_hal_tim_ex.o
    0x08002448   0x08002448   0x00000002   Code   RO         2405    i.HAL_TIMEx_CommutationCallback  stm32f1xx_hal_tim_ex.o
    0x0800244a   0x0800244a   0x00000062   Code   RO         2421    i.HAL_TIMEx_MasterConfigSynchronization  stm32f1xx_hal_tim_ex.o
    0x080024ac   0x080024ac   0x00000034   Code   RO         1765    i.HAL_TIM_Base_Init  stm32f1xx_hal_tim.o
    0x080024e0   0x080024e0   0x00000040   Code   RO          881    i.HAL_TIM_Base_MspInit  stm32f1xx_hal_msp.o
    0x08002520   0x08002520   0x0000001e   Code   RO         1770    i.HAL_TIM_Base_Start_IT  stm32f1xx_hal_tim.o
    0x0800253e   0x0800253e   0x00000132   Code   RO         1774    i.HAL_TIM_ConfigClockSource  stm32f1xx_hal_tim.o
    0x08002670   0x08002670   0x00000002   Code   RO         1794    i.HAL_TIM_IC_CaptureCallback  stm32f1xx_hal_tim.o
    0x08002672   0x08002672   0x00000196   Code   RO         1807    i.HAL_TIM_IRQHandler  stm32f1xx_hal_tim.o
    0x08002808   0x08002808   0x00000002   Code   RO         1810    i.HAL_TIM_OC_DelayElapsedCallback  stm32f1xx_hal_tim.o
    0x0800280a   0x0800280a   0x00000002   Code   RO         1837    i.HAL_TIM_PWM_PulseFinishedCallback  stm32f1xx_hal_tim.o
    0x0800280c   0x0800280c   0x00000002   Code   RO         1844    i.HAL_TIM_PeriodElapsedCallback  stm32f1xx_hal_tim.o
    0x0800280e   0x0800280e   0x00000002   Code   RO         1848    i.HAL_TIM_TriggerCallback  stm32f1xx_hal_tim.o
    0x08002810   0x08002810   0x00000002   Code   RO         2658    i.HAL_UART_ErrorCallback  stm32f1xx_hal_uart.o
    0x08002812   0x08002812   0x00000002   PAD
    0x08002814   0x08002814   0x0000014c   Code   RO         2661    i.HAL_UART_IRQHandler  stm32f1xx_hal_uart.o
    0x08002960   0x08002960   0x00000072   Code   RO         2662    i.HAL_UART_Init     stm32f1xx_hal_uart.o
    0x080029d2   0x080029d2   0x00000002   PAD
    0x080029d4   0x080029d4   0x00000074   Code   RO          883    i.HAL_UART_MspInit  stm32f1xx_hal_msp.o
    0x08002a48   0x08002a48   0x00000002   Code   RO         2668    i.HAL_UART_RxCpltCallback  stm32f1xx_hal_uart.o
    0x08002a4a   0x08002a4a   0x000000d6   Code   RO         2670    i.HAL_UART_Transmit  stm32f1xx_hal_uart.o
    0x08002b20   0x08002b20   0x00000002   Code   RO         2673    i.HAL_UART_TxCpltCallback  stm32f1xx_hal_uart.o
    0x08002b22   0x08002b22   0x00000004   Code   RO          786    i.HardFault_Handler  stm32f1xx_it.o
    0x08002b26   0x08002b26   0x00000034   Code   RO         1032    i.I2C_IsAcknowledgeFailed  stm32f1xx_hal_i2c.o
    0x08002b5a   0x08002b5a   0x00000002   PAD
    0x08002b5c   0x08002b5c   0x00000158   Code   RO         1042    i.I2C_RequestMemoryRead  stm32f1xx_hal_i2c.o
    0x08002cb4   0x08002cb4   0x000000e0   Code   RO         1043    i.I2C_RequestMemoryWrite  stm32f1xx_hal_i2c.o
    0x08002d94   0x08002d94   0x00000056   Code   RO         1051    i.I2C_WaitOnBTFFlagUntilTimeout  stm32f1xx_hal_i2c.o
    0x08002dea   0x08002dea   0x0000007c   Code   RO         1052    i.I2C_WaitOnFlagUntilTimeout  stm32f1xx_hal_i2c.o
    0x08002e66   0x08002e66   0x000000ac   Code   RO         1053    i.I2C_WaitOnMasterAddressFlagUntilTimeout  stm32f1xx_hal_i2c.o
    0x08002f12   0x08002f12   0x0000006e   Code   RO         1054    i.I2C_WaitOnRXNEFlagUntilTimeout  stm32f1xx_hal_i2c.o
    0x08002f80   0x08002f80   0x00000056   Code   RO         1056    i.I2C_WaitOnTXEFlagUntilTimeout  stm32f1xx_hal_i2c.o
    0x08002fd6   0x08002fd6   0x00000002   PAD
    0x08002fd8   0x08002fd8   0x000000b0   Code   RO          418    i.ILI9341_Draw_Char  ili9341_gfx.o
    0x08003088   0x08003088   0x000000b4   Code   RO           14    i.ILI9341_Draw_Colour_Burst  ili9341_stm32_driver.o
    0x0800313c   0x0800313c   0x00000088   Code   RO          420    i.ILI9341_Draw_Filled_Rectangle_Coord  ili9341_gfx.o
    0x080031c4   0x080031c4   0x00000174   Code   RO           16    i.ILI9341_Draw_Pixel  ili9341_stm32_driver.o
    0x08003338   0x08003338   0x00000078   Code   RO           17    i.ILI9341_Draw_Rectangle  ili9341_stm32_driver.o
    0x080033b0   0x080033b0   0x00000036   Code   RO          424    i.ILI9341_Draw_Text  ili9341_gfx.o
    0x080033e6   0x080033e6   0x00000002   PAD
    0x080033e8   0x080033e8   0x00000014   Code   RO           19    i.ILI9341_Enable    ili9341_stm32_driver.o
    0x080033fc   0x080033fc   0x00000030   Code   RO           20    i.ILI9341_Fill_Screen  ili9341_stm32_driver.o
    0x0800342c   0x0800342c   0x00000216   Code   RO           21    i.ILI9341_Init      ili9341_stm32_driver.o
    0x08003642   0x08003642   0x00000002   PAD
    0x08003644   0x08003644   0x0000003c   Code   RO           22    i.ILI9341_Reset     ili9341_stm32_driver.o
    0x08003680   0x08003680   0x00000014   Code   RO           23    i.ILI9341_SPI_Init  ili9341_stm32_driver.o
    0x08003694   0x08003694   0x00000014   Code   RO           24    i.ILI9341_SPI_Send  ili9341_stm32_driver.o
    0x080036a8   0x080036a8   0x00000052   Code   RO           25    i.ILI9341_Set_Address  ili9341_stm32_driver.o
    0x080036fa   0x080036fa   0x00000002   PAD
    0x080036fc   0x080036fc   0x00000088   Code   RO           26    i.ILI9341_Set_Rotation  ili9341_stm32_driver.o
    0x08003784   0x08003784   0x00000038   Code   RO           27    i.ILI9341_Write_Command  ili9341_stm32_driver.o
    0x080037bc   0x080037bc   0x00000034   Code   RO           28    i.ILI9341_Write_Data  ili9341_stm32_driver.o
    0x080037f0   0x080037f0   0x00000144   Code   RO          702    i.MX_GPIO_Init      main.o
    0x08003934   0x08003934   0x00000054   Code   RO          703    i.MX_I2C1_Init      main.o
    0x08003988   0x08003988   0x0000005c   Code   RO          704    i.MX_SPI1_Init      main.o
    0x080039e4   0x080039e4   0x0000005c   Code   RO          705    i.MX_SPI2_Init      main.o
    0x08003a40   0x08003a40   0x00000080   Code   RO          706    i.MX_TIM2_Init      main.o
    0x08003ac0   0x08003ac0   0x0000004c   Code   RO          707    i.MX_USART1_UART_Init  main.o
    0x08003b0c   0x08003b0c   0x00000004   Code   RO          787    i.MemManage_Handler  stm32f1xx_it.o
    0x08003b10   0x08003b10   0x00000002   Code   RO          788    i.NMI_Handler       stm32f1xx_it.o
    0x08003b12   0x08003b12   0x00000002   PAD
    0x08003b14   0x08003b14   0x00000038   Code   RO          542    i.NRF24L01_RX_Mode  nrf24.o
    0x08003b4c   0x08003b4c   0x00000168   Code   RO          543    i.NRF24L01_Receive  nrf24.o
    0x08003cb4   0x08003cb4   0x00000040   Code   RO          546    i.NRF24_FlushRX     nrf24.o
    0x08003cf4   0x08003cf4   0x00000040   Code   RO          547    i.NRF24_FlushTX     nrf24.o
    0x08003d34   0x08003d34   0x0000005c   Code   RO          548    i.NRF24_ReadReg     nrf24.o
    0x08003d90   0x08003d90   0x00000040   Code   RO          549    i.NRF24_Read_Buf    nrf24.o
    0x08003dd0   0x08003dd0   0x00000050   Code   RO          550    i.NRF24_ToggleFeatures  nrf24.o
    0x08003e20   0x08003e20   0x00000048   Code   RO          552    i.NRF24_WriteReg    nrf24.o
    0x08003e68   0x08003e68   0x00000050   Code   RO          553    i.NRF24_Write_Buf   nrf24.o
    0x08003eb8   0x08003eb8   0x000000ac   Code   RO          554    i.NRF24_ini         nrf24.o
    0x08003f64   0x08003f64   0x00000008   Code   RO          708    i.NRF24_receive_data_from_oudor  main.o
    0x08003f6c   0x08003f6c   0x00000010   Code   RO         3446    i.NVIC_GetPriorityGrouping  stm32f1xx_hal_cortex.o
    0x08003f7c   0x08003f7c   0x00000028   Code   RO         3447    i.NVIC_SetPriority  stm32f1xx_hal_cortex.o
    0x08003fa4   0x08003fa4   0x00000002   Code   RO          789    i.PendSV_Handler    stm32f1xx_it.o
    0x08003fa6   0x08003fa6   0x00000002   PAD
    0x08003fa8   0x08003fa8   0x00000028   Code   RO         3141    i.RCC_Delay         stm32f1xx_hal_rcc.o
    0x08003fd0   0x08003fd0   0x0000001a   Code   RO          222    i.RTC_ConvertFromBinDec  clock_ds3231.o
    0x08003fea   0x08003fea   0x00000014   Code   RO          223    i.RTC_ConvertFromDec  clock_ds3231.o
    0x08003ffe   0x08003ffe   0x00000002   PAD
    0x08004000   0x08004000   0x00000010   Code   RO          790    i.SPI1_IRQHandler   stm32f1xx_it.o
    0x08004010   0x08004010   0x00000028   Code   RO         1451    i.SPI_CheckFlag_BSY  stm32f1xx_hal_spi.o
    0x08004038   0x08004038   0x00000014   Code   RO         1455    i.SPI_DMAAbortOnError  stm32f1xx_hal_spi.o
    0x0800404c   0x0800404c   0x000000aa   Code   RO         1470    i.SPI_WaitFlagStateUntilTimeout  stm32f1xx_hal_spi.o
    0x080040f6   0x080040f6   0x00000002   Code   RO          791    i.SVC_Handler       stm32f1xx_it.o
    0x080040f8   0x080040f8   0x0000000c   Code   RO          792    i.SysTick_Handler   stm32f1xx_it.o
    0x08004104   0x08004104   0x00000094   Code   RO          709    i.SystemClock_Config  main.o
    0x08004198   0x08004198   0x00000058   Code   RO         3888    i.SystemInit        system_stm32f1xx.o
    0x080041f0   0x080041f0   0x0000005c   Code   RO          793    i.TIM2_IRQHandler   stm32f1xx_it.o
    0x0800424c   0x0800424c   0x00000074   Code   RO         1849    i.TIM_Base_SetConfig  stm32f1xx_hal_tim.o
    0x080042c0   0x080042c0   0x00000018   Code   RO         1856    i.TIM_ETR_SetConfig  stm32f1xx_hal_tim.o
    0x080042d8   0x080042d8   0x00000014   Code   RO         1857    i.TIM_ITRx_SetConfig  stm32f1xx_hal_tim.o
    0x080042ec   0x080042ec   0x0000002a   Code   RO         1863    i.TIM_TI1_ConfigInputStage  stm32f1xx_hal_tim.o
    0x08004316   0x08004316   0x0000002c   Code   RO         1865    i.TIM_TI2_ConfigInputStage  stm32f1xx_hal_tim.o
    0x08004342   0x08004342   0x00000014   Code   RO         2675    i.UART_DMAAbortOnError  stm32f1xx_hal_uart.o
    0x08004356   0x08004356   0x00000020   Code   RO         2685    i.UART_EndRxTransfer  stm32f1xx_hal_uart.o
    0x08004376   0x08004376   0x00000020   Code   RO         2686    i.UART_EndTransmit_IT  stm32f1xx_hal_uart.o
    0x08004396   0x08004396   0x000000a6   Code   RO         2688    i.UART_Receive_IT   stm32f1xx_hal_uart.o
    0x0800443c   0x0800443c   0x000001c8   Code   RO         2689    i.UART_SetConfig    stm32f1xx_hal_uart.o
    0x08004604   0x08004604   0x00000068   Code   RO         2690    i.UART_Transmit_IT  stm32f1xx_hal_uart.o
    0x0800466c   0x0800466c   0x0000006c   Code   RO         2691    i.UART_WaitOnFlagUntilTimeout  stm32f1xx_hal_uart.o
    0x080046d8   0x080046d8   0x00000010   Code   RO          794    i.USART1_IRQHandler  stm32f1xx_it.o
    0x080046e8   0x080046e8   0x00000004   Code   RO          795    i.UsageFault_Handler  stm32f1xx_it.o
    0x080046ec   0x080046ec   0x00000078   Code   RO          224    i.WRITE_DATA        clock_ds3231.o
    0x08004764   0x08004764   0x00000004   Code   RO          710    i._Error_Handler    main.o
    0x08004768   0x08004768   0x00000028   Code   RO         4165    i.__0sprintf        mc_w.l(printfa.o)
    0x08004790   0x08004790   0x0000000e   Code   RO         4291    i.__scatterload_copy  mc_w.l(handlers.o)
    0x0800479e   0x0800479e   0x00000002   Code   RO         4292    i.__scatterload_null  mc_w.l(handlers.o)
    0x080047a0   0x080047a0   0x0000000e   Code   RO         4293    i.__scatterload_zeroinit  mc_w.l(handlers.o)
    0x080047ae   0x080047ae   0x00000002   PAD
    0x080047b0   0x080047b0   0x00000184   Code   RO         4170    i._fp_digits        mc_w.l(printfa.o)
    0x08004934   0x08004934   0x000006dc   Code   RO         4171    i._printf_core      mc_w.l(printfa.o)
    0x08005010   0x08005010   0x00000024   Code   RO         4172    i._printf_post_padding  mc_w.l(printfa.o)
    0x08005034   0x08005034   0x0000002e   Code   RO         4173    i._printf_pre_padding  mc_w.l(printfa.o)
    0x08005062   0x08005062   0x0000000a   Code   RO         4175    i._sputc            mc_w.l(printfa.o)
    0x0800506c   0x0800506c   0x00000284   Code   RO          484    i.calulete_humidity  bme280.o
    0x080052f0   0x080052f0   0x000002d8   Code   RO          485    i.calulete_preasure  bme280.o
    0x080055c8   0x080055c8   0x00000074   Code   RO          486    i.calulete_temperature  bme280.o
    0x0800563c   0x0800563c   0x00000050   Code   RO         4191    i.free              mc_w.l(malloc.o)
    0x0800568c   0x0800568c   0x00000354   Code   RO          487    i.init_BME280       bme280.o
    0x080059e0   0x080059e0   0x0000011c   Code   RO          225    i.init_LCD_ILI9341  clock_ds3231.o
    0x08005afc   0x08005afc   0x00000120   Code   RO          711    i.main              main.o
    0x08005c1c   0x08005c1c   0x0000006c   Code   RO         4192    i.malloc            mc_w.l(malloc.o)
    0x08005c88   0x08005c88   0x0000013c   Code   RO          226    i.print_MEMS_in_LCD  clock_ds3231.o
    0x08005dc4   0x08005dc4   0x0000002c   Code   RO          227    i.print_colon_in_LCD  clock_ds3231.o
    0x08005df0   0x08005df0   0x00000070   Code   RO          228    i.print_data_on_LCD  clock_ds3231.o
    0x08005e60   0x08005e60   0x000000e8   Code   RO          229    i.print_dates_in_LCD  clock_ds3231.o
    0x08005f48   0x08005f48   0x000000c8   Code   RO          230    i.print_days_in_LCD  clock_ds3231.o
    0x08006010   0x08006010   0x000000b0   Code   RO          231    i.print_hours_in_LCD  clock_ds3231.o
    0x080060c0   0x080060c0   0x00000094   Code   RO          232    i.print_minutes_in_LCD  clock_ds3231.o
    0x08006154   0x08006154   0x00000084   Code   RO          233    i.print_months_in_LCD  clock_ds3231.o
    0x080061d8   0x080061d8   0x00000064   Code   RO          234    i.print_seconds_in_LCD  clock_ds3231.o
    0x0800623c   0x0800623c   0x00000064   Code   RO          235    i.print_year_in_LCD  clock_ds3231.o
    0x080062a0   0x080062a0   0x000000ac   Code   RO          488    i.read_data_BME280  bme280.o
    0x0800634c   0x0800634c   0x000000d4   Code   RO          236    i.read_data_from_DS3231  clock_ds3231.o
    0x08006420   0x08006420   0x00000190   Code   RO          237    i.select_dates      clock_ds3231.o
    0x080065b0   0x080065b0   0x00000210   Code   RO          238    i.select_days       clock_ds3231.o
    0x080067c0   0x080067c0   0x00000310   Code   RO          239    i.select_hours      clock_ds3231.o
    0x08006ad0   0x08006ad0   0x000001ec   Code   RO          240    i.select_minutes    clock_ds3231.o
    0x08006cbc   0x08006cbc   0x00000190   Code   RO          241    i.select_month      clock_ds3231.o
    0x08006e4c   0x08006e4c   0x00000158   Code   RO          242    i.select_seconds    clock_ds3231.o
    0x08006fa4   0x08006fa4   0x00000190   Code   RO          243    i.select_year       clock_ds3231.o
    0x08007134   0x08007134   0x00000240   Data   RO          425    .constdata          ili9341_gfx.o
    0x08007374   0x08007374   0x00000018   Data   RO         3889    .constdata          system_stm32f1xx.o
    0x0800738c   0x0800738c   0x00000020   Data   RO         4289    Region$$Table       anon$$obj.o


    Execution Region RW_IRAM1 (Exec base: 0x20000000, Load base: 0x080073ac, Size: 0x000009a0, Max: 0x00005000, ABSOLUTE)

    Exec Addr    Load Addr    Size         Type   Attr      Idx    E Section Name        Object

    0x20000000   0x080073ac   0x00000004   Data   RW           29    .data               ili9341_stm32_driver.o
    0x20000004   0x080073b0   0x0000002f   Data   RW          246    .data               clock_ds3231.o
    0x20000033   0x080073df   0x00000001   PAD
    0x20000034   0x080073e0   0x0000002c   Data   RW          490    .data               bme280.o
    0x20000060   0x0800740c   0x00000009   Data   RW          555    .data               nrf24.o
    0x20000069   0x08007415   0x00000003   PAD
    0x2000006c   0x08007418   0x0000004c   Data   RW          713    .data               main.o
    0x200000b8   0x08007464   0x00000009   Data   RW         2991    .data               stm32f1xx_hal.o
    0x200000c1   0x0800746d   0x00000003   PAD
    0x200000c4   0x08007470   0x00000004   Data   RW         3890    .data               system_stm32f1xx.o
    0x200000c8   0x08007474   0x00000004   Data   RW         4276    .data               mc_w.l(mvars.o)
    0x200000cc   0x08007478   0x00000004   Data   RW         4277    .data               mc_w.l(mvars.o)
    0x200000d0        -       0x0000003c   Zero   RW          489    .bss                bme280.o
    0x2000010c        -       0x0000028d   Zero   RW          712    .bss                main.o
    0x20000399   0x0800747c   0x00000007   PAD
    0x200003a0        -       0x00000200   Zero   RW            2    HEAP                startup_stm32f103xb.o
    0x200005a0        -       0x00000400   Zero   RW            1    STACK               startup_stm32f103xb.o


==============================================================================

Image component sizes


      Code (inc. data)   RO Data    RW Data    ZI Data      Debug   Object Name

      2512        312          0         44         60       5616   bme280.o
      5570        826          0         47          0      15423   clock_ds3231.o
       366          6        576          0          0       3130   ili9341_gfx.o
      1700        104          0          4          0     453299   ili9341_stm32_driver.o
      1244        196          0         76        653       7558   main.o
      1152        220          0          9          0       5981   nrf24.o
        36          8        236          0       1536        772   startup_stm32f103xb.o
       192         36          0          9          0       3621   stm32f1xx_hal.o
       348         22          0          0          0      27545   stm32f1xx_hal_cortex.o
       176          4          0          0          0       1027   stm32f1xx_hal_dma.o
       824         32          0          0          0       3179   stm32f1xx_hal_gpio.o
      2810         50          0          0          0      10786   stm32f1xx_hal_i2c.o
       628         64          0          0          0       3368   stm32f1xx_hal_msp.o
      1772        108          0          0          0       5696   stm32f1xx_hal_rcc.o
      1840          4          0          0          0       7620   stm32f1xx_hal_spi.o
       134          0          0          0          0        999   stm32f1xx_hal_spi_ex.o
      1050         14          0          0          0       9143   stm32f1xx_hal_tim.o
       102          0          0          0          0       2134   stm32f1xx_hal_tim_ex.o
      1584         12          0          0          0       8807   stm32f1xx_hal_uart.o
       160         42          0          0          0       4846   stm32f1xx_it.o
        88         18         24          4          0       1075   system_stm32f1xx.o

    ----------------------------------------------------------------------
     24316       2078        868        200       2256     581625   Object Totals
         0          0         32          0          0          0   (incl. Generated)
        28          0          0          7          7          0   (incl. Padding)

    ----------------------------------------------------------------------

      Code (inc. data)   RO Data    RW Data    ZI Data      Debug   Library Member Name

         0          0          0          0          0          0   entry.o
         0          0          0          0          0          0   entry10a.o
         0          0          0          0          0          0   entry11a.o
         8          4          0          0          0          0   entry2.o
         4          0          0          0          0          0   entry5.o
         0          0          0          0          0          0   entry7b.o
         0          0          0          0          0          0   entry8b.o
         8          4          0          0          0          0   entry9a.o
        30          0          0          0          0          0   handlers.o
        36          8          0          0          0         68   init.o
         0          0          0          0          0          0   iusefp.o
        30          0          0          0          0         68   llshl.o
        36          0          0          0          0         68   llsshr.o
        32          0          0          0          0         68   llushr.o
       188         20          0          0          0        160   malloc.o
        36          0          0          0          0        108   memseta.o
         0          0          0          8          0          0   mvars.o
      2276         86          0          0          0        520   printfa.o
        14          0          0          0          0         68   strlen.o
        44          0          0          0          0         80   uidiv.o
        98          0          0          0          0         92   uldiv.o
        48          0          0          0          0         68   cdcmple.o
        48          0          0          0          0         68   cdrcmple.o
       334          0          0          0          0        148   dadd.o
       222          0          0          0          0        100   ddiv.o
       186          0          0          0          0        176   depilogue.o
        62          0          0          0          0         80   dfixi.o
        50          0          0          0          0         76   dfixui.o
        48          0          0          0          0         68   dfixul.o
        34          0          0          0          0         76   dflti.o
        26          0          0          0          0         76   dfltui.o
       228          0          0          0          0         96   dmul.o
        38          0          0          0          0         68   f2d.o
       124          0          0          0          0         88   fdiv.o
       110          0          0          0          0        168   fepilogue.o
        18          0          0          0          0         68   fflti.o
        10          0          0          0          0         68   ffltui.o

    ----------------------------------------------------------------------
      4428        122          0          8          0       2792   Library Totals
         2          0          0          0          0          0   (incl. Padding)

    ----------------------------------------------------------------------

      Code (inc. data)   RO Data    RW Data    ZI Data      Debug   Library Name

      2840        122          0          8          0       1300   mc_w.l
      1586          0          0          0          0       1492   mf_w.l

    ----------------------------------------------------------------------
      4428        122          0          8          0       2792   Library Totals

    ----------------------------------------------------------------------

==============================================================================


      Code (inc. data)   RO Data    RW Data    ZI Data      Debug   

     28744       2200        868        208       2256     575105   Grand Totals
     28744       2200        868        208       2256     575105   ELF Image Totals
     28744       2200        868        208          0          0   ROM Totals

==============================================================================

    Total RO  Size (Code + RO Data)                29612 (  28.92kB)
    Total RW  Size (RW Data + ZI Data)              2464 (   2.41kB)
    Total ROM Size (Code + RO Data + RW Data)      29820 (  29.12kB)

==============================================================================

